.next/types/validator.ts(179,39): error TS2307: Cannot find module '../../src/app/dashboard/properties/page.js' or its corresponding type declarations.
src/app/admin/users/__tests__/page.test.tsx(6,41): error TS2307: Cannot find module '@testing-library/react' or its corresponding type declarations.
src/app/admin/users/__tests__/page.test.tsx(57,57): error TS2339: Property 'toBeInTheDocument' does not exist on type 'Assertion<any>'.
src/app/admin/users/__tests__/page.test.tsx(73,51): error TS2339: Property 'toBeInTheDocument' does not exist on type 'Assertion<any>'.
src/app/admin/users/__tests__/page.test.tsx(74,57): error TS2339: Property 'toBeInTheDocument' does not exist on type 'Assertion<any>'.
src/app/admin/users/__tests__/page.test.tsx(85,48): error TS2339: Property 'toBeInTheDocument' does not exist on type 'Assertion<any>'.
src/app/api/admin/chat-moderation/reports/route.ts(78,18): error TS2352: Conversion of type 'SelectQueryError<"column 'reporter_user_id' does not exist on 'message_user_reports'.">[]' to type 'RawReportRow[]' may be a mistake because neither type sufficiently overlaps with the other. If this was intentional, convert the expression to 'unknown' first.
  Type '{ error: true; } & String' is missing the following properties from type 'RawReportRow': id, reporter_user_id, target_user_id, conversation_id, and 5 more.
src/app/api/application-payments/[token]/route.ts(158,19): error TS2769: No overload matches this call.
  Overload 1 of 2, '(relation: "properties" | "profiles" | "amenities" | "units" | "leases" | "payments" | "utility_readings" | "conversations" | "messages" | "utility_configs" | "landlord_reviews" | ... 18 more ... | "renewal_requests"): PostgrestQueryBuilder<...>', gave the following error.
    Argument of type '"application_payment_requests"' is not assignable to parameter of type '"properties" | "profiles" | "amenities" | "units" | "leases" | "payments" | "utility_readings" | "conversations" | "messages" | "utility_configs" | "landlord_reviews" | "payment_items" | ... 17 more ... | "renewal_requests"'.
  Overload 2 of 2, '(relation: never): PostgrestQueryBuilder<{ PostgrestVersion: "12"; }, { Tables: { profiles: { Row: { id: string; email: string; full_name: string; role: UserRole; avatar_url: string | null; avatar_bg_color: string | null; ... 19 more ...; updated_at: string; }; Insert: { ...; }; Update: { ...; }; Relationships: any[]; }; ... 28 more ...; renewal_requests: { ...; }; }; Views: {}; Functions: {}; Enums: { ...; }; CompositeTypes: {}; }, never, never, never>', gave the following error.
    Argument of type '"application_payment_requests"' is not assignable to parameter of type 'never'.
src/app/api/application-payments/[token]/route.ts(160,17): error TS2345: Argument of type '"application_id"' is not assignable to parameter of type '"id"'.
src/app/api/application-payments/[token]/route.ts(166,17): error TS2345: Argument of type '"provider"' is not assignable to parameter of type '"id" | "landlord_id" | "created_at" | "updated_at" | "type" | "destination" | "is_default"'.
src/app/api/application-payments/[token]/route.ts(178,49): error TS2339: Property 'is_enabled' does not exist on type 'SelectQueryError<"column 'account_name' does not exist on 'landlord_payment_destinations'.">'.
src/app/api/application-payments/[token]/route.ts(180,44): error TS2339: Property 'account_name' does not exist on type 'SelectQueryError<"column 'account_name' does not exist on 'landlord_payment_destinations'.">'.
src/app/api/application-payments/[token]/route.ts(181,46): error TS2339: Property 'account_number' does not exist on type 'SelectQueryError<"column 'account_name' does not exist on 'landlord_payment_destinations'.">'.
src/app/api/application-payments/[token]/route.ts(182,43): error TS2339: Property 'qr_image_url' does not exist on type 'SelectQueryError<"column 'account_name' does not exist on 'landlord_payment_destinations'.">'.
src/app/api/application-payments/[token]/route.ts(185,20): error TS2352: Conversion of type '(SelectQueryError<"column 'application_id' does not exist on 'properties'."> | SelectQueryError<"column 'application_id' does not exist on 'profiles'."> | ... 27 more ... | SelectQueryError<...>)[]' to type 'PortalPaymentRequestRow[]' may be a mistake because neither type sufficiently overlaps with the other. If this was intentional, convert the expression to 'unknown' first.
  Type 'SelectQueryError<"column 'application_id' does not exist on 'properties'."> | SelectQueryError<"column 'application_id' does not exist on 'profiles'."> | ... 27 more ... | SelectQueryError<...>' is not comparable to type 'PortalPaymentRequestRow'.
    Type '{ error: true; } & String' is missing the following properties from type 'PortalPaymentRequestRow': id, requirement_type, amount, due_at, and 9 more.
src/app/api/application-payments/[token]/route.ts(265,15): error TS2769: No overload matches this call.
  Overload 1 of 2, '(relation: "properties" | "profiles" | "amenities" | "units" | "leases" | "payments" | "utility_readings" | "conversations" | "messages" | "utility_configs" | "landlord_reviews" | ... 18 more ... | "renewal_requests"): PostgrestQueryBuilder<...>', gave the following error.
    Argument of type '"application_payment_requests"' is not assignable to parameter of type '"properties" | "profiles" | "amenities" | "units" | "leases" | "payments" | "utility_readings" | "conversations" | "messages" | "utility_configs" | "landlord_reviews" | "payment_items" | ... 17 more ... | "renewal_requests"'.
  Overload 2 of 2, '(relation: never): PostgrestQueryBuilder<{ PostgrestVersion: "12"; }, { Tables: { profiles: { Row: { id: string; email: string; full_name: string; role: UserRole; avatar_url: string | null; avatar_bg_color: string | null; ... 19 more ...; updated_at: string; }; Insert: { ...; }; Update: { ...; }; Relationships: any[]; }; ... 28 more ...; renewal_requests: { ...; }; }; Views: {}; Functions: {}; Enums: { ...; }; CompositeTypes: {}; }, never, never, never>', gave the following error.
    Argument of type '"application_payment_requests"' is not assignable to parameter of type 'never'.
src/app/api/application-payments/[token]/route.ts(268,13): error TS2345: Argument of type '"application_id"' is not assignable to parameter of type '"id"'.
src/app/api/application-payments/[token]/route.ts(275,20): error TS2339: Property 'status' does not exist on type 'SelectQueryError<"column 'application_id' does not exist on 'properties'."> | SelectQueryError<"column 'application_id' does not exist on 'profiles'."> | ... 27 more ... | SelectQueryError<...>'.
  Property 'status' does not exist on type 'SelectQueryError<"column 'application_id' does not exist on 'properties'.">'.
src/app/api/application-payments/[token]/route.ts(278,20): error TS2339: Property 'status' does not exist on type 'SelectQueryError<"column 'application_id' does not exist on 'properties'."> | SelectQueryError<"column 'application_id' does not exist on 'profiles'."> | ... 27 more ... | SelectQueryError<...>'.
  Property 'status' does not exist on type 'SelectQueryError<"column 'application_id' does not exist on 'properties'.">'.
src/app/api/application-payments/[token]/route.ts(281,57): error TS2339: Property 'payment_proof_url' does not exist on type 'SelectQueryError<"column 'application_id' does not exist on 'properties'."> | SelectQueryError<"column 'application_id' does not exist on 'profiles'."> | ... 27 more ... | SelectQueryError<...>'.
  Property 'payment_proof_url' does not exist on type 'SelectQueryError<"column 'application_id' does not exist on 'properties'.">'.
src/app/api/application-payments/[token]/route.ts(290,62): error TS2339: Property 'id' does not exist on type 'SelectQueryError<"column 'application_id' does not exist on 'properties'."> | SelectQueryError<"column 'application_id' does not exist on 'profiles'."> | ... 27 more ... | SelectQueryError<...>'.
  Property 'id' does not exist on type 'SelectQueryError<"column 'application_id' does not exist on 'properties'.">'.
src/app/api/application-payments/[token]/route.ts(297,15): error TS2769: No overload matches this call.
  Overload 1 of 2, '(relation: "properties" | "profiles" | "amenities" | "units" | "leases" | "payments" | "utility_readings" | "conversations" | "messages" | "utility_configs" | "landlord_reviews" | ... 18 more ... | "renewal_requests"): PostgrestQueryBuilder<...>', gave the following error.
    Argument of type '"application_payment_requests"' is not assignable to parameter of type '"properties" | "profiles" | "amenities" | "units" | "leases" | "payments" | "utility_readings" | "conversations" | "messages" | "utility_configs" | "landlord_reviews" | "payment_items" | ... 17 more ... | "renewal_requests"'.
  Overload 2 of 2, '(relation: never): PostgrestQueryBuilder<{ PostgrestVersion: "12"; }, { Tables: { profiles: { Row: { id: string; email: string; full_name: string; role: UserRole; avatar_url: string | null; avatar_bg_color: string | null; ... 19 more ...; updated_at: string; }; Insert: { ...; }; Update: { ...; }; Relationships: any[]; }; ... 28 more ...; renewal_requests: { ...; }; }; Views: {}; Functions: {}; Enums: { ...; }; CompositeTypes: {}; }, never, never, never>', gave the following error.
    Argument of type '"application_payment_requests"' is not assignable to parameter of type 'never'.
src/app/api/application-payments/[token]/route.ts(299,13): error TS2322: Type '"gcash" | "cash"' is not assignable to type 'never'.
  Type '"gcash"' is not assignable to type 'never'.
src/app/api/application-payments/[token]/route.ts(300,13): error TS2322: Type 'string' is not assignable to type 'never'.
src/app/api/application-payments/[token]/route.ts(301,13): error TS2322: Type 'string | null' is not assignable to type 'never'.
  Type 'null' is not assignable to type 'never'.
src/app/api/application-payments/[token]/route.ts(302,13): error TS2322: Type 'string | null' is not assignable to type 'never'.
  Type 'null' is not assignable to type 'never'.
src/app/api/application-payments/[token]/route.ts(303,13): error TS2322: Type 'any' is not assignable to type 'never'.
src/app/api/application-payments/[token]/route.ts(303,66): error TS2339: Property 'payment_proof_path' does not exist on type 'SelectQueryError<"column 'application_id' does not exist on 'properties'."> | SelectQueryError<"column 'application_id' does not exist on 'profiles'."> | ... 27 more ... | SelectQueryError<...>'.
  Property 'payment_proof_path' does not exist on type 'SelectQueryError<"column 'application_id' does not exist on 'properties'.">'.
src/app/api/application-payments/[token]/route.ts(304,13): error TS2322: Type 'any' is not assignable to type 'never'.
src/app/api/application-payments/[token]/route.ts(304,70): error TS2339: Property 'payment_proof_url' does not exist on type 'SelectQueryError<"column 'application_id' does not exist on 'properties'."> | SelectQueryError<"column 'application_id' does not exist on 'profiles'."> | ... 27 more ... | SelectQueryError<...>'.
  Property 'payment_proof_url' does not exist on type 'SelectQueryError<"column 'application_id' does not exist on 'properties'.">'.
src/app/api/application-payments/[token]/route.ts(305,13): error TS2322: Type 'string' is not assignable to type 'never'.
src/app/api/application-payments/[token]/route.ts(306,13): error TS2322: Type 'null' is not assignable to type 'never'.
src/app/api/application-payments/[token]/route.ts(307,13): error TS2322: Type 'null' is not assignable to type 'never'.
src/app/api/application-payments/[token]/route.ts(308,13): error TS2322: Type 'null' is not assignable to type 'never'.
src/app/api/application-payments/[token]/route.ts(309,13): error TS2322: Type 'false' is not assignable to type 'never'.
src/app/api/application-payments/[token]/route.ts(310,13): error TS2322: Type 'any' is not assignable to type 'never'.
src/app/api/application-payments/[token]/route.ts(311,39): error TS2339: Property 'metadata' does not exist on type 'SelectQueryError<"column 'application_id' does not exist on 'properties'."> | SelectQueryError<"column 'application_id' does not exist on 'profiles'."> | ... 27 more ... | SelectQueryError<...>'.
  Property 'metadata' does not exist on type 'SelectQueryError<"column 'application_id' does not exist on 'properties'.">'.
src/app/api/application-payments/[token]/route.ts(311,75): error TS2339: Property 'metadata' does not exist on type 'SelectQueryError<"column 'application_id' does not exist on 'properties'."> | SelectQueryError<"column 'application_id' does not exist on 'profiles'."> | ... 27 more ... | SelectQueryError<...>'.
  Property 'metadata' does not exist on type 'SelectQueryError<"column 'application_id' does not exist on 'properties'.">'.
src/app/api/application-payments/[token]/route.ts(311,97): error TS2339: Property 'metadata' does not exist on type 'SelectQueryError<"column 'application_id' does not exist on 'properties'."> | SelectQueryError<"column 'application_id' does not exist on 'profiles'."> | ... 27 more ... | SelectQueryError<...>'.
  Property 'metadata' does not exist on type 'SelectQueryError<"column 'application_id' does not exist on 'properties'.">'.
src/app/api/application-payments/[token]/route.ts(315,30): error TS2339: Property 'id' does not exist on type 'SelectQueryError<"column 'application_id' does not exist on 'properties'."> | SelectQueryError<"column 'application_id' does not exist on 'profiles'."> | ... 27 more ... | SelectQueryError<...>'.
  Property 'id' does not exist on type 'SelectQueryError<"column 'application_id' does not exist on 'properties'.">'.
src/app/api/application-payments/[token]/route.ts(316,13): error TS2345: Argument of type '"application_id"' is not assignable to parameter of type '"id"'.
src/app/api/application-payments/[token]/route.ts(326,40): error TS2339: Property 'id' does not exist on type 'SelectQueryError<"column 'application_id' does not exist on 'properties'."> | SelectQueryError<"column 'application_id' does not exist on 'profiles'."> | ... 27 more ... | SelectQueryError<...>'.
  Property 'id' does not exist on type 'SelectQueryError<"column 'application_id' does not exist on 'properties'.">'.
src/app/api/application-payments/[token]/route.ts(331,40): error TS2339: Property 'payment_proof_url' does not exist on type 'SelectQueryError<"column 'application_id' does not exist on 'properties'."> | SelectQueryError<"column 'application_id' does not exist on 'profiles'."> | ... 27 more ... | SelectQueryError<...>'.
  Property 'payment_proof_url' does not exist on type 'SelectQueryError<"column 'application_id' does not exist on 'properties'.">'.
src/app/api/application-payments/[token]/route.ts(337,25): error TS2339: Property 'id' does not exist on type 'SelectQueryError<"column 'application_id' does not exist on 'properties'."> | SelectQueryError<"column 'application_id' does not exist on 'profiles'."> | ... 27 more ... | SelectQueryError<...>'.
  Property 'id' does not exist on type 'SelectQueryError<"column 'application_id' does not exist on 'properties'.">'.
src/app/api/application-payments/[token]/route.ts(338,38): error TS2339: Property 'requirement_type' does not exist on type 'SelectQueryError<"column 'application_id' does not exist on 'properties'."> | SelectQueryError<"column 'application_id' does not exist on 'profiles'."> | ... 27 more ... | SelectQueryError<...>'.
  Property 'requirement_type' does not exist on type 'SelectQueryError<"column 'application_id' does not exist on 'properties'.">'.
src/app/api/application-payments/[token]/route.ts(339,47): error TS2339: Property 'requirement_type' does not exist on type 'SelectQueryError<"column 'application_id' does not exist on 'properties'."> | SelectQueryError<"column 'application_id' does not exist on 'profiles'."> | ... 27 more ... | SelectQueryError<...>'.
  Property 'requirement_type' does not exist on type 'SelectQueryError<"column 'application_id' does not exist on 'properties'.">'.
src/app/api/application-payments/[token]/route.ts(340,36): error TS2339: Property 'amount' does not exist on type 'SelectQueryError<"column 'application_id' does not exist on 'properties'."> | SelectQueryError<"column 'application_id' does not exist on 'profiles'."> | ... 27 more ... | SelectQueryError<...>'.
  Property 'amount' does not exist on type 'SelectQueryError<"column 'application_id' does not exist on 'properties'.">'.
src/app/api/application-payments/[token]/route.ts(341,28): error TS2339: Property 'due_at' does not exist on type 'SelectQueryError<"column 'application_id' does not exist on 'properties'."> | SelectQueryError<"column 'application_id' does not exist on 'profiles'."> | ... 27 more ... | SelectQueryError<...>'.
  Property 'due_at' does not exist on type 'SelectQueryError<"column 'application_id' does not exist on 'properties'.">'.
src/app/api/application-payments/[token]/route.ts(342,29): error TS2339: Property 'status' does not exist on type 'SelectQueryError<"column 'application_id' does not exist on 'properties'."> | SelectQueryError<"column 'application_id' does not exist on 'profiles'."> | ... 27 more ... | SelectQueryError<...>'.
  Property 'status' does not exist on type 'SelectQueryError<"column 'application_id' does not exist on 'properties'.">'.
src/app/api/application-payments/[token]/route.ts(343,29): error TS2339: Property 'method' does not exist on type 'SelectQueryError<"column 'application_id' does not exist on 'properties'."> | SelectQueryError<"column 'application_id' does not exist on 'profiles'."> | ... 27 more ... | SelectQueryError<...>'.
  Property 'method' does not exist on type 'SelectQueryError<"column 'application_id' does not exist on 'properties'.">'.
src/app/api/application-payments/[token]/route.ts(344,38): error TS2339: Property 'reference_number' does not exist on type 'SelectQueryError<"column 'application_id' does not exist on 'properties'."> | SelectQueryError<"column 'application_id' does not exist on 'profiles'."> | ... 27 more ... | SelectQueryError<...>'.
  Property 'reference_number' does not exist on type 'SelectQueryError<"column 'application_id' does not exist on 'properties'.">'.
src/app/api/application-payments/[token]/route.ts(345,27): error TS2339: Property 'payment_note' does not exist on type 'SelectQueryError<"column 'application_id' does not exist on 'properties'."> | SelectQueryError<"column 'application_id' does not exist on 'profiles'."> | ... 27 more ... | SelectQueryError<...>'.
  Property 'payment_note' does not exist on type 'SelectQueryError<"column 'application_id' does not exist on 'properties'.">'.
src/app/api/application-payments/[token]/route.ts(346,31): error TS2339: Property 'payment_proof_url' does not exist on type 'SelectQueryError<"column 'application_id' does not exist on 'properties'."> | SelectQueryError<"column 'application_id' does not exist on 'profiles'."> | ... 27 more ... | SelectQueryError<...>'.
  Property 'payment_proof_url' does not exist on type 'SelectQueryError<"column 'application_id' does not exist on 'properties'.">'.
src/app/api/application-payments/[token]/route.ts(347,33): error TS2339: Property 'review_note' does not exist on type 'SelectQueryError<"column 'application_id' does not exist on 'properties'."> | SelectQueryError<"column 'application_id' does not exist on 'profiles'."> | ... 27 more ... | SelectQueryError<...>'.
  Property 'review_note' does not exist on type 'SelectQueryError<"column 'application_id' does not exist on 'properties'.">'.
src/app/api/application-payments/[token]/route.ts(348,39): error TS2339: Property 'bypassed' does not exist on type 'SelectQueryError<"column 'application_id' does not exist on 'properties'."> | SelectQueryError<"column 'application_id' does not exist on 'profiles'."> | ... 27 more ... | SelectQueryError<...>'.
  Property 'bypassed' does not exist on type 'SelectQueryError<"column 'application_id' does not exist on 'properties'.">'.
src/app/api/application-payments/[token]/route.ts(349,34): error TS2339: Property 'submitted_at' does not exist on type 'SelectQueryError<"column 'application_id' does not exist on 'properties'."> | SelectQueryError<"column 'application_id' does not exist on 'profiles'."> | ... 27 more ... | SelectQueryError<...>'.
  Property 'submitted_at' does not exist on type 'SelectQueryError<"column 'application_id' does not exist on 'properties'.">'.
src/app/api/application-payments/[token]/route.ts(350,33): error TS2339: Property 'reviewed_at' does not exist on type 'SelectQueryError<"column 'application_id' does not exist on 'properties'."> | SelectQueryError<"column 'application_id' does not exist on 'profiles'."> | ... 27 more ... | SelectQueryError<...>'.
  Property 'reviewed_at' does not exist on type 'SelectQueryError<"column 'application_id' does not exist on 'properties'.">'.
src/app/api/invites/[token]/documents/route.ts(36,15): error TS2769: No overload matches this call.
  Overload 1 of 2, '(relation: "properties" | "profiles" | "amenities" | "units" | "leases" | "payments" | "utility_readings" | "conversations" | "messages" | "utility_configs" | "landlord_reviews" | ... 18 more ... | "renewal_requests"): PostgrestQueryBuilder<...>', gave the following error.
    Argument of type '"tenant_intake_invites"' is not assignable to parameter of type '"properties" | "profiles" | "amenities" | "units" | "leases" | "payments" | "utility_readings" | "conversations" | "messages" | "utility_configs" | "landlord_reviews" | "payment_items" | ... 17 more ... | "renewal_requests"'.
  Overload 2 of 2, '(relation: never): PostgrestQueryBuilder<{ PostgrestVersion: "12"; }, { Tables: { profiles: { Row: { id: string; email: string; full_name: string; role: UserRole; avatar_url: string | null; avatar_bg_color: string | null; ... 19 more ...; updated_at: string; }; Insert: { ...; }; Update: { ...; }; Relationships: any[]; }; ... 28 more ...; renewal_requests: { ...; }; }; Views: {}; Functions: {}; Enums: { ...; }; CompositeTypes: {}; }, never, never, never>', gave the following error.
    Argument of type '"tenant_intake_invites"' is not assignable to parameter of type 'never'.
src/app/api/invites/[token]/documents/route.ts(38,13): error TS2345: Argument of type '"public_token"' is not assignable to parameter of type '"id"'.
src/app/api/invites/[token]/documents/route.ts(44,20): error TS2352: Conversion of type 'SelectQueryError<"column 'application_type' does not exist on 'properties'."> | SelectQueryError<"column 'application_type' does not exist on 'profiles'."> | ... 27 more ... | SelectQueryError<...>' to type 'InviteRecord' may be a mistake because neither type sufficiently overlaps with the other. If this was intentional, convert the expression to 'unknown' first.
  Type '{ error: true; } & String' is missing the following properties from type 'InviteRecord': id, application_type, status, max_uses, and 4 more.
src/app/api/invites/[token]/route.ts(37,15): error TS2769: No overload matches this call.
  Overload 1 of 2, '(relation: "properties" | "profiles" | "amenities" | "units" | "leases" | "payments" | "utility_readings" | "conversations" | "messages" | "utility_configs" | "landlord_reviews" | ... 18 more ... | "renewal_requests"): PostgrestQueryBuilder<...>', gave the following error.
    Argument of type '"tenant_intake_invites"' is not assignable to parameter of type '"properties" | "profiles" | "amenities" | "units" | "leases" | "payments" | "utility_readings" | "conversations" | "messages" | "utility_configs" | "landlord_reviews" | "payment_items" | ... 17 more ... | "renewal_requests"'.
  Overload 2 of 2, '(relation: never): PostgrestQueryBuilder<{ PostgrestVersion: "12"; }, { Tables: { profiles: { Row: { id: string; email: string; full_name: string; role: UserRole; avatar_url: string | null; avatar_bg_color: string | null; ... 19 more ...; updated_at: string; }; Insert: { ...; }; Update: { ...; }; Relationships: any[]; }; ... 28 more ...; renewal_requests: { ...; }; }; Views: {}; Functions: {}; Enums: { ...; }; CompositeTypes: {}; }, never, never, never>', gave the following error.
    Argument of type '"tenant_intake_invites"' is not assignable to parameter of type 'never'.
src/app/api/invites/[token]/route.ts(39,13): error TS2345: Argument of type '"public_token"' is not assignable to parameter of type '"id"'.
src/app/api/invites/[token]/route.ts(50,20): error TS2352: Conversion of type 'SelectQueryError<"column 'landlord_id' does not exist on 'properties'."> | SelectQueryError<"column 'landlord_id' does not exist on 'profiles'."> | ... 27 more ... | SelectQueryError<...>' to type 'InviteRecord' may be a mistake because neither type sufficiently overlaps with the other. If this was intentional, convert the expression to 'unknown' first.
  Type '{ error: true; } & String' is missing the following properties from type 'InviteRecord': id, landlord_id, property_id, unit_id, and 9 more.
src/app/api/invites/[token]/route.ts(68,32): error TS2769: No overload matches this call.
  Overload 1 of 2, '(relation: "properties" | "profiles" | "amenities" | "units" | "leases" | "payments" | "utility_readings" | "conversations" | "messages" | "utility_configs" | "landlord_reviews" | ... 18 more ... | "renewal_requests"): PostgrestQueryBuilder<...>', gave the following error.
    Argument of type '"tenant_intake_invites"' is not assignable to parameter of type '"properties" | "profiles" | "amenities" | "units" | "leases" | "payments" | "utility_readings" | "conversations" | "messages" | "utility_configs" | "landlord_reviews" | "payment_items" | ... 17 more ... | "renewal_requests"'.
  Overload 2 of 2, '(relation: never): PostgrestQueryBuilder<{ PostgrestVersion: "12"; }, { Tables: { profiles: { Row: { id: string; email: string; full_name: string; role: UserRole; avatar_url: string | null; avatar_bg_color: string | null; ... 19 more ...; updated_at: string; }; Insert: { ...; }; Update: { ...; }; Relationships: any[]; }; ... 28 more ...; renewal_requests: { ...; }; }; Views: {}; Functions: {}; Enums: { ...; }; CompositeTypes: {}; }, never, never, never>', gave the following error.
    Argument of type '"tenant_intake_invites"' is not assignable to parameter of type 'never'.
src/app/api/invites/[token]/route.ts(68,66): error TS2322: Type 'string' is not assignable to type 'never'.
src/app/api/invites/[token]/route.ts(69,32): error TS2769: No overload matches this call.
  Overload 1 of 2, '(relation: "properties" | "profiles" | "amenities" | "units" | "leases" | "payments" | "utility_readings" | "conversations" | "messages" | "utility_configs" | "landlord_reviews" | ... 18 more ... | "renewal_requests"): PostgrestQueryBuilder<...>', gave the following error.
    Argument of type '"tenant_intake_invite_events"' is not assignable to parameter of type '"properties" | "profiles" | "amenities" | "units" | "leases" | "payments" | "utility_readings" | "conversations" | "messages" | "utility_configs" | "landlord_reviews" | "payment_items" | ... 17 more ... | "renewal_requests"'.
  Overload 2 of 2, '(relation: never): PostgrestQueryBuilder<{ PostgrestVersion: "12"; }, { Tables: { profiles: { Row: { id: string; email: string; full_name: string; role: UserRole; avatar_url: string | null; avatar_bg_color: string | null; ... 19 more ...; updated_at: string; }; Insert: { ...; }; Update: { ...; }; Relationships: any[]; }; ... 28 more ...; renewal_requests: { ...; }; }; Views: {}; Functions: {}; Enums: { ...; }; CompositeTypes: {}; }, never, never, never>', gave the following error.
    Argument of type '"tenant_intake_invite_events"' is not assignable to parameter of type 'never'.
src/app/api/invites/[token]/route.ts(70,13): error TS2769: No overload matches this call.
  Overload 1 of 2, '(values: RejectExcessProperties<{ id: string; email: string; full_name: string; role: UserRole; avatar_url?: string | null | undefined; avatar_bg_color?: string | null | undefined; phone?: string | null | undefined; ... 18 more ...; updated_at?: string | undefined; } | ... 28 more ... | { ...; }, { ...; } | ... 28 more ... | { ...; }>, options?: { ...; } | undefined): PostgrestFilterBuilder<...>', gave the following error.
    Object literal may only specify known properties, and 'invite_id' does not exist in type 'RejectExcessProperties<{ id: string; email: string; full_name: string; role: UserRole; avatar_url?: string | null | undefined; avatar_bg_color?: string | null | undefined; phone?: string | null | undefined; ... 18 more ...; updated_at?: string | undefined; } | ... 28 more ... | { ...; }, { ...; } | ... 28 more ... |...'.
  Overload 2 of 2, '(values: RejectExcessProperties<{ id: string; email: string; full_name: string; role: UserRole; avatar_url?: string | null | undefined; avatar_bg_color?: string | null | undefined; phone?: string | null | undefined; ... 18 more ...; updated_at?: string | undefined; } | ... 28 more ... | { ...; }, { ...; } | ... 28 more ... | { ...; }>[], options?: { ...; } | undefined): PostgrestFilterBuilder<...>', gave the following error.
    Object literal may only specify known properties, and 'invite_id' does not exist in type 'RejectExcessProperties<{ id: string; email: string; full_name: string; role: UserRole; avatar_url?: string | null | undefined; avatar_bg_color?: string | null | undefined; phone?: string | null | undefined; ... 18 more ...; updated_at?: string | undefined; } | ... 28 more ... | { ...; }, { ...; } | ... 28 more ... |...'.
src/app/api/invites/[token]/route.ts(138,32): error TS2769: No overload matches this call.
  Overload 1 of 2, '(relation: "properties" | "profiles" | "amenities" | "units" | "leases" | "payments" | "utility_readings" | "conversations" | "messages" | "utility_configs" | "landlord_reviews" | ... 18 more ... | "renewal_requests"): PostgrestQueryBuilder<...>', gave the following error.
    Argument of type '"tenant_intake_invite_events"' is not assignable to parameter of type '"properties" | "profiles" | "amenities" | "units" | "leases" | "payments" | "utility_readings" | "conversations" | "messages" | "utility_configs" | "landlord_reviews" | "payment_items" | ... 17 more ... | "renewal_requests"'.
  Overload 2 of 2, '(relation: never): PostgrestQueryBuilder<{ PostgrestVersion: "12"; }, { Tables: { profiles: { Row: { id: string; email: string; full_name: string; role: UserRole; avatar_url: string | null; avatar_bg_color: string | null; ... 19 more ...; updated_at: string; }; Insert: { ...; }; Update: { ...; }; Relationships: any[]; }; ... 28 more ...; renewal_requests: { ...; }; }; Views: {}; Functions: {}; Enums: { ...; }; CompositeTypes: {}; }, never, never, never>', gave the following error.
    Argument of type '"tenant_intake_invite_events"' is not assignable to parameter of type 'never'.
src/app/api/invites/[token]/route.ts(139,13): error TS2769: No overload matches this call.
  Overload 1 of 2, '(values: RejectExcessProperties<{ id: string; email: string; full_name: string; role: UserRole; avatar_url?: string | null | undefined; avatar_bg_color?: string | null | undefined; phone?: string | null | undefined; ... 18 more ...; updated_at?: string | undefined; } | ... 28 more ... | { ...; }, { ...; } | ... 28 more ... | { ...; }>, options?: { ...; } | undefined): PostgrestFilterBuilder<...>', gave the following error.
    Object literal may only specify known properties, and 'invite_id' does not exist in type 'RejectExcessProperties<{ id: string; email: string; full_name: string; role: UserRole; avatar_url?: string | null | undefined; avatar_bg_color?: string | null | undefined; phone?: string | null | undefined; ... 18 more ...; updated_at?: string | undefined; } | ... 28 more ... | { ...; }, { ...; } | ... 28 more ... |...'.
  Overload 2 of 2, '(values: RejectExcessProperties<{ id: string; email: string; full_name: string; role: UserRole; avatar_url?: string | null | undefined; avatar_bg_color?: string | null | undefined; phone?: string | null | undefined; ... 18 more ...; updated_at?: string | undefined; } | ... 28 more ... | { ...; }, { ...; } | ... 28 more ... | { ...; }>[], options?: { ...; } | undefined): PostgrestFilterBuilder<...>', gave the following error.
    Object literal may only specify known properties, and 'invite_id' does not exist in type 'RejectExcessProperties<{ id: string; email: string; full_name: string; role: UserRole; avatar_url?: string | null | undefined; avatar_bg_color?: string | null | undefined; phone?: string | null | undefined; ... 18 more ...; updated_at?: string | undefined; } | ... 28 more ... | { ...; }, { ...; } | ... 28 more ... |...'.
src/app/api/invites/[token]/route.ts(367,13): error TS2322: Type 'null' is not assignable to type 'string'.
src/app/api/invites/[token]/route.ts(370,29): error TS18048: 'body.applicant_name' is possibly 'undefined'.
src/app/api/invites/[token]/route.ts(371,30): error TS18048: 'body.applicant_email' is possibly 'undefined'.
src/app/api/invites/[token]/route.ts(405,19): error TS2769: No overload matches this call.
  Overload 1 of 2, '(relation: "properties" | "profiles" | "amenities" | "units" | "leases" | "payments" | "utility_readings" | "conversations" | "messages" | "utility_configs" | "landlord_reviews" | ... 18 more ... | "renewal_requests"): PostgrestQueryBuilder<...>', gave the following error.
    Argument of type '"tenant_intake_invites"' is not assignable to parameter of type '"properties" | "profiles" | "amenities" | "units" | "leases" | "payments" | "utility_readings" | "conversations" | "messages" | "utility_configs" | "landlord_reviews" | "payment_items" | ... 17 more ... | "renewal_requests"'.
  Overload 2 of 2, '(relation: never): PostgrestQueryBuilder<{ PostgrestVersion: "12"; }, { Tables: { profiles: { Row: { id: string; email: string; full_name: string; role: UserRole; avatar_url: string | null; avatar_bg_color: string | null; ... 19 more ...; updated_at: string; }; Insert: { ...; }; Update: { ...; }; Relationships: any[]; }; ... 28 more ...; renewal_requests: { ...; }; }; Views: {}; Functions: {}; Enums: { ...; }; CompositeTypes: {}; }, never, never, never>', gave the following error.
    Argument of type '"tenant_intake_invites"' is not assignable to parameter of type 'never'.
src/app/api/invites/[token]/route.ts(407,17): error TS2322: Type 'number' is not assignable to type 'never'.
src/app/api/invites/[token]/route.ts(408,17): error TS2322: Type '"active" | "expired" | "revoked" | "consumed"' is not assignable to type 'never'.
  Type '"active"' is not assignable to type 'never'.
src/app/api/invites/[token]/route.ts(409,17): error TS2322: Type 'string' is not assignable to type 'never'.
src/app/api/invites/[token]/route.ts(413,32): error TS2769: No overload matches this call.
  Overload 1 of 2, '(relation: "properties" | "profiles" | "amenities" | "units" | "leases" | "payments" | "utility_readings" | "conversations" | "messages" | "utility_configs" | "landlord_reviews" | ... 18 more ... | "renewal_requests"): PostgrestQueryBuilder<...>', gave the following error.
    Argument of type '"tenant_intake_invite_events"' is not assignable to parameter of type '"properties" | "profiles" | "amenities" | "units" | "leases" | "payments" | "utility_readings" | "conversations" | "messages" | "utility_configs" | "landlord_reviews" | "payment_items" | ... 17 more ... | "renewal_requests"'.
  Overload 2 of 2, '(relation: never): PostgrestQueryBuilder<{ PostgrestVersion: "12"; }, { Tables: { profiles: { Row: { id: string; email: string; full_name: string; role: UserRole; avatar_url: string | null; avatar_bg_color: string | null; ... 19 more ...; updated_at: string; }; Insert: { ...; }; Update: { ...; }; Relationships: any[]; }; ... 28 more ...; renewal_requests: { ...; }; }; Views: {}; Functions: {}; Enums: { ...; }; CompositeTypes: {}; }, never, never, never>', gave the following error.
    Argument of type '"tenant_intake_invite_events"' is not assignable to parameter of type 'never'.
src/app/api/invites/[token]/route.ts(414,13): error TS2769: No overload matches this call.
  Overload 1 of 2, '(values: RejectExcessProperties<{ id: string; email: string; full_name: string; role: UserRole; avatar_url?: string | null | undefined; avatar_bg_color?: string | null | undefined; phone?: string | null | undefined; ... 18 more ...; updated_at?: string | undefined; } | ... 28 more ... | { ...; }, { ...; } | ... 28 more ... | { ...; }>, options?: { ...; } | undefined): PostgrestFilterBuilder<...>', gave the following error.
    Object literal may only specify known properties, and 'invite_id' does not exist in type 'RejectExcessProperties<{ id: string; email: string; full_name: string; role: UserRole; avatar_url?: string | null | undefined; avatar_bg_color?: string | null | undefined; phone?: string | null | undefined; ... 18 more ...; updated_at?: string | undefined; } | ... 28 more ... | { ...; }, { ...; } | ... 28 more ... |...'.
  Overload 2 of 2, '(values: RejectExcessProperties<{ id: string; email: string; full_name: string; role: UserRole; avatar_url?: string | null | undefined; avatar_bg_color?: string | null | undefined; phone?: string | null | undefined; ... 18 more ...; updated_at?: string | undefined; } | ... 28 more ... | { ...; }, { ...; } | ... 28 more ... | { ...; }>[], options?: { ...; } | undefined): PostgrestFilterBuilder<...>', gave the following error.
    Object literal may only specify known properties, and 'invite_id' does not exist in type 'RejectExcessProperties<{ id: string; email: string; full_name: string; role: UserRole; avatar_url?: string | null | undefined; avatar_bg_color?: string | null | undefined; phone?: string | null | undefined; ... 18 more ...; updated_at?: string | undefined; } | ... 28 more ... | { ...; }, { ...; } | ... 28 more ... |...'.
src/app/api/landlord/analytics/report/route.ts(79,17): error TS2339: Property 'id' does not exist on type 'SelectQueryError<"column 'format' does not exist on 'landlord_statistics_exports'.">'.
src/app/api/landlord/analytics/report/route.ts(80,21): error TS2339: Property 'format' does not exist on type 'SelectQueryError<"column 'format' does not exist on 'landlord_statistics_exports'.">'.
src/app/api/landlord/analytics/report/route.ts(81,20): error TS2339: Property 'report_range' does not exist on type 'SelectQueryError<"column 'format' does not exist on 'landlord_statistics_exports'.">'.
src/app/api/landlord/analytics/report/route.ts(82,26): error TS2339: Property 'created_at' does not exist on type 'SelectQueryError<"column 'format' does not exist on 'landlord_statistics_exports'.">'.
src/app/api/landlord/analytics/report/route.ts(83,20): error TS2339: Property 'metadata' does not exist on type 'SelectQueryError<"column 'format' does not exist on 'landlord_statistics_exports'.">'.
src/app/api/landlord/analytics/report/route.ts(115,87): error TS2769: No overload matches this call.
  Overload 1 of 2, '(values: RejectExcessProperties<{ id?: string | undefined; landlord_id: string; export_type: string; file_url: string; created_at?: string | undefined; }, { id?: string | undefined; landlord_id: string; export_type: string; file_url: string; created_at?: string | undefined; }>, options?: { ...; } | undefined): PostgrestFilterBuilder<...>', gave the following error.
    Object literal may only specify known properties, and 'format' does not exist in type 'RejectExcessProperties<{ id?: string | undefined; landlord_id: string; export_type: string; file_url: string; created_at?: string | undefined; }, { id?: string | undefined; landlord_id: string; export_type: string; file_url: string; created_at?: string | undefined; }>'.
  Overload 2 of 2, '(values: RejectExcessProperties<{ id?: string | undefined; landlord_id: string; export_type: string; file_url: string; created_at?: string | undefined; }, { id?: string | undefined; landlord_id: string; export_type: string; file_url: string; created_at?: string | undefined; }>[], options?: { ...; } | undefined): PostgrestFilterBuilder<...>', gave the following error.
    Object literal may only specify known properties, and 'landlord_id' does not exist in type 'RejectExcessProperties<{ id?: string | undefined; landlord_id: string; export_type: string; file_url: string; created_at?: string | undefined; }, { id?: string | undefined; landlord_id: string; export_type: string; file_url: string; created_at?: string | undefined; }>[]'.
src/app/api/landlord/applications/[applicationId]/actions/route.ts(498,25): error TS2322: Type 'any' is not assignable to type 'never'.
src/app/api/landlord/applications/[applicationId]/payment-bypass/route.ts(79,15): error TS2769: No overload matches this call.
  Overload 1 of 2, '(relation: "properties" | "profiles" | "amenities" | "units" | "leases" | "payments" | "utility_readings" | "conversations" | "messages" | "utility_configs" | "landlord_reviews" | ... 18 more ... | "renewal_requests"): PostgrestQueryBuilder<...>', gave the following error.
    Argument of type '"application_payment_requests"' is not assignable to parameter of type '"properties" | "profiles" | "amenities" | "units" | "leases" | "payments" | "utility_readings" | "conversations" | "messages" | "utility_configs" | "landlord_reviews" | "payment_items" | ... 17 more ... | "renewal_requests"'.
  Overload 2 of 2, '(relation: never): PostgrestQueryBuilder<{ PostgrestVersion: "12"; }, { Tables: { profiles: { Row: { id: string; email: string; full_name: string; role: UserRole; avatar_url: string | null; avatar_bg_color: string | null; ... 19 more ...; updated_at: string; }; Insert: { ...; }; Update: { ...; }; Relationships: any[]; }; ... 28 more ...; renewal_requests: { ...; }; }; Views: {}; Functions: {}; Enums: { ...; }; CompositeTypes: {}; }, never, never, never>', gave the following error.
    Argument of type '"application_payment_requests"' is not assignable to parameter of type 'never'.
src/app/api/landlord/applications/[applicationId]/payment-bypass/route.ts(81,13): error TS2345: Argument of type '"application_id"' is not assignable to parameter of type '"id"'.
src/app/api/landlord/applications/[applicationId]/payment-bypass/route.ts(97,17): error TS2339: Property 'status' does not exist on type 'SelectQueryError<"column 'requirement_type' does not exist on 'properties'."> | SelectQueryError<"column 'requirement_type' does not exist on 'profiles'."> | ... 27 more ... | SelectQueryError<...>'.
  Property 'status' does not exist on type 'SelectQueryError<"column 'requirement_type' does not exist on 'properties'.">'.
src/app/api/landlord/applications/[applicationId]/payment-bypass/route.ts(102,19): error TS2769: No overload matches this call.
  Overload 1 of 2, '(relation: "properties" | "profiles" | "amenities" | "units" | "leases" | "payments" | "utility_readings" | "conversations" | "messages" | "utility_configs" | "landlord_reviews" | ... 18 more ... | "renewal_requests"): PostgrestQueryBuilder<...>', gave the following error.
    Argument of type '"application_payment_requests"' is not assignable to parameter of type '"properties" | "profiles" | "amenities" | "units" | "leases" | "payments" | "utility_readings" | "conversations" | "messages" | "utility_configs" | "landlord_reviews" | "payment_items" | ... 17 more ... | "renewal_requests"'.
  Overload 2 of 2, '(relation: never): PostgrestQueryBuilder<{ PostgrestVersion: "12"; }, { Tables: { profiles: { Row: { id: string; email: string; full_name: string; role: UserRole; avatar_url: string | null; avatar_bg_color: string | null; ... 19 more ...; updated_at: string; }; Insert: { ...; }; Update: { ...; }; Relationships: any[]; }; ... 28 more ...; renewal_requests: { ...; }; }; Views: {}; Functions: {}; Enums: { ...; }; CompositeTypes: {}; }, never, never, never>', gave the following error.
    Argument of type '"application_payment_requests"' is not assignable to parameter of type 'never'.
src/app/api/landlord/applications/[applicationId]/payment-bypass/route.ts(104,27): error TS2339: Property 'id' does not exist on type 'SelectQueryError<"column 'requirement_type' does not exist on 'properties'."> | SelectQueryError<"column 'requirement_type' does not exist on 'profiles'."> | ... 27 more ... | SelectQueryError<...>'.
  Property 'id' does not exist on type 'SelectQueryError<"column 'requirement_type' does not exist on 'properties'.">'.
src/app/api/landlord/applications/[applicationId]/payment-bypass/route.ts(105,17): error TS2345: Argument of type '"application_id"' is not assignable to parameter of type '"id"'.
src/app/api/landlord/applications/[applicationId]/payment-bypass/route.ts(113,37): error TS2339: Property 'id' does not exist on type 'SelectQueryError<"column 'requirement_type' does not exist on 'properties'."> | SelectQueryError<"column 'requirement_type' does not exist on 'profiles'."> | ... 27 more ... | SelectQueryError<...>'.
  Property 'id' does not exist on type 'SelectQueryError<"column 'requirement_type' does not exist on 'properties'.">'.
src/app/api/landlord/applications/[applicationId]/payment-bypass/route.ts(119,39): error TS2339: Property 'requirement_type' does not exist on type 'SelectQueryError<"column 'requirement_type' does not exist on 'properties'."> | SelectQueryError<"column 'requirement_type' does not exist on 'profiles'."> | ... 27 more ... | SelectQueryError<...>'.
  Property 'requirement_type' does not exist on type 'SelectQueryError<"column 'requirement_type' does not exist on 'properties'.">'.
src/app/api/landlord/applications/[applicationId]/payment-bypass/route.ts(125,15): error TS2769: No overload matches this call.
  Overload 1 of 2, '(relation: "properties" | "profiles" | "amenities" | "units" | "leases" | "payments" | "utility_readings" | "conversations" | "messages" | "utility_configs" | "landlord_reviews" | ... 18 more ... | "renewal_requests"): PostgrestQueryBuilder<...>', gave the following error.
    Argument of type '"application_payment_requests"' is not assignable to parameter of type '"properties" | "profiles" | "amenities" | "units" | "leases" | "payments" | "utility_readings" | "conversations" | "messages" | "utility_configs" | "landlord_reviews" | "payment_items" | ... 17 more ... | "renewal_requests"'.
  Overload 2 of 2, '(relation: never): PostgrestQueryBuilder<{ PostgrestVersion: "12"; }, { Tables: { profiles: { Row: { id: string; email: string; full_name: string; role: UserRole; avatar_url: string | null; avatar_bg_color: string | null; ... 19 more ...; updated_at: string; }; Insert: { ...; }; Update: { ...; }; Relationships: any[]; }; ... 28 more ...; renewal_requests: { ...; }; }; Views: {}; Functions: {}; Enums: { ...; }; CompositeTypes: {}; }, never, never, never>', gave the following error.
    Argument of type '"application_payment_requests"' is not assignable to parameter of type 'never'.
src/app/api/landlord/applications/[applicationId]/payment-bypass/route.ts(127,13): error TS2345: Argument of type '"application_id"' is not assignable to parameter of type '"id"'.
src/app/api/landlord/applications/[applicationId]/payment-bypass/route.ts(131,59): error TS2345: Argument of type '(SelectQueryError<"column 'requirement_type' does not exist on 'properties'."> | SelectQueryError<"column 'requirement_type' does not exist on 'profiles'."> | ... 27 more ... | SelectQueryError<...>)[]' is not assignable to parameter of type '{ requirement_type?: string | null | undefined; status?: string | null | undefined; }[]'.
  Type 'SelectQueryError<"column 'requirement_type' does not exist on 'properties'."> | SelectQueryError<"column 'requirement_type' does not exist on 'profiles'."> | ... 27 more ... | SelectQueryError<...>' is not assignable to type '{ requirement_type?: string | null | undefined; status?: string | null | undefined; }'.
    Type 'SelectQueryError<"column 'requirement_type' does not exist on 'properties'.">' has no properties in common with type '{ requirement_type?: string | null | undefined; status?: string | null | undefined; }'.
src/app/api/landlord/applications/[applicationId]/payment-requests/[requestId]/review/route.ts(63,15): error TS2769: No overload matches this call.
  Overload 1 of 2, '(relation: "properties" | "profiles" | "amenities" | "units" | "leases" | "payments" | "utility_readings" | "conversations" | "messages" | "utility_configs" | "landlord_reviews" | ... 18 more ... | "renewal_requests"): PostgrestQueryBuilder<...>', gave the following error.
    Argument of type '"application_payment_requests"' is not assignable to parameter of type '"properties" | "profiles" | "amenities" | "units" | "leases" | "payments" | "utility_readings" | "conversations" | "messages" | "utility_configs" | "landlord_reviews" | "payment_items" | ... 17 more ... | "renewal_requests"'.
  Overload 2 of 2, '(relation: never): PostgrestQueryBuilder<{ PostgrestVersion: "12"; }, { Tables: { profiles: { Row: { id: string; email: string; full_name: string; role: UserRole; avatar_url: string | null; avatar_bg_color: string | null; ... 19 more ...; updated_at: string; }; Insert: { ...; }; Update: { ...; }; Relationships: any[]; }; ... 28 more ...; renewal_requests: { ...; }; }; Views: {}; Functions: {}; Enums: { ...; }; CompositeTypes: {}; }, never, never, never>', gave the following error.
    Argument of type '"application_payment_requests"' is not assignable to parameter of type 'never'.
src/app/api/landlord/applications/[applicationId]/payment-requests/[requestId]/review/route.ts(68,13): error TS2345: Argument of type '"application_id"' is not assignable to parameter of type '"id"'.
src/app/api/landlord/applications/[applicationId]/payment-requests/[requestId]/review/route.ts(75,24): error TS2339: Property 'status' does not exist on type 'SelectQueryError<"column 'requirement_type' does not exist on 'properties'."> | SelectQueryError<"column 'requirement_type' does not exist on 'profiles'."> | ... 27 more ... | SelectQueryError<...>'.
  Property 'status' does not exist on type 'SelectQueryError<"column 'requirement_type' does not exist on 'properties'.">'.
src/app/api/landlord/applications/[applicationId]/payment-requests/[requestId]/review/route.ts(82,49): error TS2339: Property 'bypassed' does not exist on type 'SelectQueryError<"column 'requirement_type' does not exist on 'properties'."> | SelectQueryError<"column 'requirement_type' does not exist on 'profiles'."> | ... 27 more ... | SelectQueryError<...>'.
  Property 'bypassed' does not exist on type 'SelectQueryError<"column 'requirement_type' does not exist on 'properties'.">'.
src/app/api/landlord/applications/[applicationId]/payment-requests/[requestId]/review/route.ts(83,29): error TS2339: Property 'method' does not exist on type 'SelectQueryError<"column 'requirement_type' does not exist on 'properties'."> | SelectQueryError<"column 'requirement_type' does not exist on 'profiles'."> | ... 27 more ... | SelectQueryError<...>'.
  Property 'method' does not exist on type 'SelectQueryError<"column 'requirement_type' does not exist on 'properties'.">'.
src/app/api/landlord/applications/[applicationId]/payment-requests/[requestId]/review/route.ts(86,28): error TS2339: Property 'method' does not exist on type 'SelectQueryError<"column 'requirement_type' does not exist on 'properties'."> | SelectQueryError<"column 'requirement_type' does not exist on 'profiles'."> | ... 27 more ... | SelectQueryError<...>'.
  Property 'method' does not exist on type 'SelectQueryError<"column 'requirement_type' does not exist on 'properties'.">'.
src/app/api/landlord/applications/[applicationId]/payment-requests/[requestId]/review/route.ts(86,66): error TS2339: Property 'payment_proof_url' does not exist on type 'SelectQueryError<"column 'requirement_type' does not exist on 'properties'."> | SelectQueryError<"column 'requirement_type' does not exist on 'profiles'."> | ... 27 more ... | SelectQueryError<...>'.
  Property 'payment_proof_url' does not exist on type 'SelectQueryError<"column 'requirement_type' does not exist on 'properties'.">'.
src/app/api/landlord/applications/[applicationId]/payment-requests/[requestId]/review/route.ts(92,15): error TS2769: No overload matches this call.
  Overload 1 of 2, '(relation: "properties" | "profiles" | "amenities" | "units" | "leases" | "payments" | "utility_readings" | "conversations" | "messages" | "utility_configs" | "landlord_reviews" | ... 18 more ... | "renewal_requests"): PostgrestQueryBuilder<...>', gave the following error.
    Argument of type '"application_payment_requests"' is not assignable to parameter of type '"properties" | "profiles" | "amenities" | "units" | "leases" | "payments" | "utility_readings" | "conversations" | "messages" | "utility_configs" | "landlord_reviews" | "payment_items" | ... 17 more ... | "renewal_requests"'.
  Overload 2 of 2, '(relation: never): PostgrestQueryBuilder<{ PostgrestVersion: "12"; }, { Tables: { profiles: { Row: { id: string; email: string; full_name: string; role: UserRole; avatar_url: string | null; avatar_bg_color: string | null; ... 19 more ...; updated_at: string; }; Insert: { ...; }; Update: { ...; }; Relationships: any[]; }; ... 28 more ...; renewal_requests: { ...; }; }; Views: {}; Functions: {}; Enums: { ...; }; CompositeTypes: {}; }, never, never, never>', gave the following error.
    Argument of type '"application_payment_requests"' is not assignable to parameter of type 'never'.
src/app/api/landlord/applications/[applicationId]/payment-requests/[requestId]/review/route.ts(94,13): error TS2322: Type 'string' is not assignable to type 'never'.
src/app/api/landlord/applications/[applicationId]/payment-requests/[requestId]/review/route.ts(95,13): error TS2322: Type 'string' is not assignable to type 'never'.
src/app/api/landlord/applications/[applicationId]/payment-requests/[requestId]/review/route.ts(96,13): error TS2322: Type 'string' is not assignable to type 'never'.
src/app/api/landlord/applications/[applicationId]/payment-requests/[requestId]/review/route.ts(97,13): error TS2322: Type 'string | null' is not assignable to type 'never'.
  Type 'null' is not assignable to type 'never'.
src/app/api/landlord/applications/[applicationId]/payment-requests/[requestId]/review/route.ts(99,34): error TS2339: Property 'id' does not exist on type 'SelectQueryError<"column 'requirement_type' does not exist on 'properties'."> | SelectQueryError<"column 'requirement_type' does not exist on 'profiles'."> | ... 27 more ... | SelectQueryError<...>'.
  Property 'id' does not exist on type 'SelectQueryError<"column 'requirement_type' does not exist on 'properties'.">'.
src/app/api/landlord/applications/[applicationId]/payment-requests/[requestId]/review/route.ts(100,13): error TS2345: Argument of type '"application_id"' is not assignable to parameter of type '"id"'.
src/app/api/landlord/applications/[applicationId]/payment-requests/[requestId]/review/route.ts(119,44): error TS2339: Property 'id' does not exist on type 'SelectQueryError<"column 'requirement_type' does not exist on 'properties'."> | SelectQueryError<"column 'requirement_type' does not exist on 'profiles'."> | ... 27 more ... | SelectQueryError<...>'.
  Property 'id' does not exist on type 'SelectQueryError<"column 'requirement_type' does not exist on 'properties'.">'.
src/app/api/landlord/applications/[applicationId]/payment-requests/[requestId]/review/route.ts(130,15): error TS2769: No overload matches this call.
  Overload 1 of 2, '(relation: "properties" | "profiles" | "amenities" | "units" | "leases" | "payments" | "utility_readings" | "conversations" | "messages" | "utility_configs" | "landlord_reviews" | ... 18 more ... | "renewal_requests"): PostgrestQueryBuilder<...>', gave the following error.
    Argument of type '"application_payment_requests"' is not assignable to parameter of type '"properties" | "profiles" | "amenities" | "units" | "leases" | "payments" | "utility_readings" | "conversations" | "messages" | "utility_configs" | "landlord_reviews" | "payment_items" | ... 17 more ... | "renewal_requests"'.
  Overload 2 of 2, '(relation: never): PostgrestQueryBuilder<{ PostgrestVersion: "12"; }, { Tables: { profiles: { Row: { id: string; email: string; full_name: string; role: UserRole; avatar_url: string | null; avatar_bg_color: string | null; ... 19 more ...; updated_at: string; }; Insert: { ...; }; Update: { ...; }; Relationships: any[]; }; ... 28 more ...; renewal_requests: { ...; }; }; Views: {}; Functions: {}; Enums: { ...; }; CompositeTypes: {}; }, never, never, never>', gave the following error.
    Argument of type '"application_payment_requests"' is not assignable to parameter of type 'never'.
src/app/api/landlord/applications/[applicationId]/payment-requests/[requestId]/review/route.ts(132,13): error TS2345: Argument of type '"application_id"' is not assignable to parameter of type '"id"'.
src/app/api/landlord/applications/[applicationId]/payment-requests/[requestId]/review/route.ts(138,62): error TS2345: Argument of type '(SelectQueryError<"column 'requirement_type' does not exist on 'properties'."> | SelectQueryError<"column 'requirement_type' does not exist on 'profiles'."> | ... 27 more ... | SelectQueryError<...>)[]' is not assignable to parameter of type '{ requirement_type?: string | null | undefined; status?: string | null | undefined; }[]'.
  Type 'SelectQueryError<"column 'requirement_type' does not exist on 'properties'."> | SelectQueryError<"column 'requirement_type' does not exist on 'profiles'."> | ... 27 more ... | SelectQueryError<...>' is not assignable to type '{ requirement_type?: string | null | undefined; status?: string | null | undefined; }'.
    Type 'SelectQueryError<"column 'requirement_type' does not exist on 'properties'.">' has no properties in common with type '{ requirement_type?: string | null | undefined; status?: string | null | undefined; }'.
src/app/api/landlord/applications/[applicationId]/payment-requests/[requestId]/review/route.ts(142,32): error TS2339: Property 'id' does not exist on type 'SelectQueryError<"column 'requirement_type' does not exist on 'properties'."> | SelectQueryError<"column 'requirement_type' does not exist on 'profiles'."> | ... 27 more ... | SelectQueryError<...>'.
  Property 'id' does not exist on type 'SelectQueryError<"column 'requirement_type' does not exist on 'properties'.">'.
src/app/api/landlord/applications/[applicationId]/payment-requests/[requestId]/review/route.ts(143,45): error TS2339: Property 'requirement_type' does not exist on type 'SelectQueryError<"column 'requirement_type' does not exist on 'properties'."> | SelectQueryError<"column 'requirement_type' does not exist on 'profiles'."> | ... 27 more ... | SelectQueryError<...>'.
  Property 'requirement_type' does not exist on type 'SelectQueryError<"column 'requirement_type' does not exist on 'properties'.">'.
src/app/api/landlord/applications/[applicationId]/payment-requests/[requestId]/review/route.ts(144,36): error TS2339: Property 'status' does not exist on type 'SelectQueryError<"column 'requirement_type' does not exist on 'properties'."> | SelectQueryError<"column 'requirement_type' does not exist on 'profiles'."> | ... 27 more ... | SelectQueryError<...>'.
  Property 'status' does not exist on type 'SelectQueryError<"column 'requirement_type' does not exist on 'properties'.">'.
src/app/api/landlord/applications/[applicationId]/payment-requests/[requestId]/review/route.ts(145,36): error TS2339: Property 'method' does not exist on type 'SelectQueryError<"column 'requirement_type' does not exist on 'properties'."> | SelectQueryError<"column 'requirement_type' does not exist on 'profiles'."> | ... 27 more ... | SelectQueryError<...>'.
  Property 'method' does not exist on type 'SelectQueryError<"column 'requirement_type' does not exist on 'properties'.">'.
src/app/api/landlord/applications/[applicationId]/payment-requests/[requestId]/review/route.ts(146,34): error TS2339: Property 'payment_note' does not exist on type 'SelectQueryError<"column 'requirement_type' does not exist on 'properties'."> | SelectQueryError<"column 'requirement_type' does not exist on 'profiles'."> | ... 27 more ... | SelectQueryError<...>'.
  Property 'payment_note' does not exist on type 'SelectQueryError<"column 'requirement_type' does not exist on 'properties'.">'.
src/app/api/landlord/applications/[applicationId]/payment-requests/[requestId]/review/route.ts(147,45): error TS2339: Property 'reference_number' does not exist on type 'SelectQueryError<"column 'requirement_type' does not exist on 'properties'."> | SelectQueryError<"column 'requirement_type' does not exist on 'profiles'."> | ... 27 more ... | SelectQueryError<...>'.
  Property 'reference_number' does not exist on type 'SelectQueryError<"column 'requirement_type' does not exist on 'properties'.">'.
src/app/api/landlord/applications/[applicationId]/payment-requests/[requestId]/review/route.ts(148,43): error TS2339: Property 'amount' does not exist on type 'SelectQueryError<"column 'requirement_type' does not exist on 'properties'."> | SelectQueryError<"column 'requirement_type' does not exist on 'profiles'."> | ... 27 more ... | SelectQueryError<...>'.
  Property 'amount' does not exist on type 'SelectQueryError<"column 'requirement_type' does not exist on 'properties'.">'.
src/app/api/landlord/applications/[applicationId]/payment-requests/[requestId]/review/route.ts(149,35): error TS2339: Property 'due_at' does not exist on type 'SelectQueryError<"column 'requirement_type' does not exist on 'properties'."> | SelectQueryError<"column 'requirement_type' does not exist on 'profiles'."> | ... 27 more ... | SelectQueryError<...>'.
  Property 'due_at' does not exist on type 'SelectQueryError<"column 'requirement_type' does not exist on 'properties'.">'.
src/app/api/landlord/applications/[applicationId]/payment-requests/[requestId]/review/route.ts(150,38): error TS2339: Property 'payment_proof_url' does not exist on type 'SelectQueryError<"column 'requirement_type' does not exist on 'properties'."> | SelectQueryError<"column 'requirement_type' does not exist on 'profiles'."> | ... 27 more ... | SelectQueryError<...>'.
  Property 'payment_proof_url' does not exist on type 'SelectQueryError<"column 'requirement_type' does not exist on 'properties'.">'.
src/app/api/landlord/applications/[applicationId]/payment-requests/[requestId]/review/route.ts(151,41): error TS2339: Property 'submitted_at' does not exist on type 'SelectQueryError<"column 'requirement_type' does not exist on 'properties'."> | SelectQueryError<"column 'requirement_type' does not exist on 'profiles'."> | ... 27 more ... | SelectQueryError<...>'.
  Property 'submitted_at' does not exist on type 'SelectQueryError<"column 'requirement_type' does not exist on 'properties'.">'.
src/app/api/landlord/applications/[applicationId]/payment-requests/[requestId]/review/route.ts(152,40): error TS2339: Property 'reviewed_at' does not exist on type 'SelectQueryError<"column 'requirement_type' does not exist on 'properties'."> | SelectQueryError<"column 'requirement_type' does not exist on 'profiles'."> | ... 27 more ... | SelectQueryError<...>'.
  Property 'reviewed_at' does not exist on type 'SelectQueryError<"column 'requirement_type' does not exist on 'properties'.">'.
src/app/api/landlord/applications/[applicationId]/payment-requests/[requestId]/review/route.ts(153,40): error TS2339: Property 'review_note' does not exist on type 'SelectQueryError<"column 'requirement_type' does not exist on 'properties'."> | SelectQueryError<"column 'requirement_type' does not exist on 'profiles'."> | ... 27 more ... | SelectQueryError<...>'.
  Property 'review_note' does not exist on type 'SelectQueryError<"column 'requirement_type' does not exist on 'properties'.">'.
src/app/api/landlord/applications/[applicationId]/payment-requests/[requestId]/review/route.ts(154,46): error TS2339: Property 'bypassed' does not exist on type 'SelectQueryError<"column 'requirement_type' does not exist on 'properties'."> | SelectQueryError<"column 'requirement_type' does not exist on 'profiles'."> | ... 27 more ... | SelectQueryError<...>'.
  Property 'bypassed' does not exist on type 'SelectQueryError<"column 'requirement_type' does not exist on 'properties'.">'.
src/app/api/landlord/applications/[applicationId]/signing-link/route.ts(191,19): error TS2353: Object literal may only specify known properties, and 'lease_id' does not exist in type 'RejectExcessProperties<{ id?: string | undefined; unit_id?: string | undefined; applicant_id?: string | undefined; status?: ApplicationStatus | undefined; submitted_at?: string | undefined; ... 4 more ...; updated_at?: string | undefined; }, { ...; }>'.
src/app/api/landlord/applications/[applicationId]/signing-link/route.ts(241,7): error TS2322: Type 'string' is not assignable to type 'never'.
src/app/api/landlord/applications/[applicationId]/signing-link/route.ts(318,17): error TS2353: Object literal may only specify known properties, and 'lease_id' does not exist in type 'RejectExcessProperties<{ id?: string | undefined; unit_id?: string | undefined; applicant_id?: string | undefined; status?: ApplicationStatus | undefined; submitted_at?: string | undefined; ... 4 more ...; updated_at?: string | undefined; }, { ...; }>'.
src/app/api/landlord/applications/route.ts(481,21): error TS2769: No overload matches this call.
  Overload 1 of 2, '(relation: "properties" | "profiles" | "amenities" | "units" | "leases" | "payments" | "utility_readings" | "conversations" | "messages" | "utility_configs" | "landlord_reviews" | ... 18 more ... | "renewal_requests"): PostgrestQueryBuilder<...>', gave the following error.
    Argument of type '"lease_signing_audit"' is not assignable to parameter of type '"properties" | "profiles" | "amenities" | "units" | "leases" | "payments" | "utility_readings" | "conversations" | "messages" | "utility_configs" | "landlord_reviews" | "payment_items" | ... 17 more ... | "renewal_requests"'.
  Overload 2 of 2, '(relation: never): PostgrestQueryBuilder<{ PostgrestVersion: "12"; }, { Tables: { profiles: { Row: { id: string; email: string; full_name: string; role: UserRole; avatar_url: string | null; avatar_bg_color: string | null; ... 19 more ...; updated_at: string; }; Insert: { ...; }; Update: { ...; }; Relationships: any[]; }; ... 28 more ...; renewal_requests: { ...; }; }; Views: {}; Functions: {}; Enums: { ...; }; CompositeTypes: {}; }, never, never, never>', gave the following error.
    Argument of type '"lease_signing_audit"' is not assignable to parameter of type 'never'.
src/app/api/landlord/applications/route.ts(498,21): error TS2769: No overload matches this call.
  Overload 1 of 2, '(relation: "properties" | "profiles" | "amenities" | "units" | "leases" | "payments" | "utility_readings" | "conversations" | "messages" | "utility_configs" | "landlord_reviews" | ... 18 more ... | "renewal_requests"): PostgrestQueryBuilder<...>', gave the following error.
    Argument of type '"application_payment_requests"' is not assignable to parameter of type '"properties" | "profiles" | "amenities" | "units" | "leases" | "payments" | "utility_readings" | "conversations" | "messages" | "utility_configs" | "landlord_reviews" | "payment_items" | ... 17 more ... | "renewal_requests"'.
  Overload 2 of 2, '(relation: never): PostgrestQueryBuilder<{ PostgrestVersion: "12"; }, { Tables: { profiles: { Row: { id: string; email: string; full_name: string; role: UserRole; avatar_url: string | null; avatar_bg_color: string | null; ... 19 more ...; updated_at: string; }; Insert: { ...; }; Update: { ...; }; Relationships: any[]; }; ... 28 more ...; renewal_requests: { ...; }; }; Views: {}; Functions: {}; Enums: { ...; }; CompositeTypes: {}; }, never, never, never>', gave the following error.
    Argument of type '"application_payment_requests"' is not assignable to parameter of type 'never'.
src/app/api/landlord/inquiries/[inquiryId]/actions/route.ts(71,10): error TS2769: No overload matches this call.
  Overload 1 of 2, '(values: RejectExcessProperties<{ id?: string | undefined; landlord_id: string; inquiry_id: string; action_type: string; metadata?: Json | undefined; created_at?: string | undefined; }, { id?: string | undefined; ... 4 more ...; created_at?: string | undefined; }>, options?: { ...; } | undefined): PostgrestFilterBuilder<...>', gave the following error.
    Argument of type '{ is_read?: boolean; is_archived?: boolean; deleted_at?: string | null; inquiry_id: string; landlord_id: string; }' is not assignable to parameter of type 'RejectExcessProperties<{ id?: string | undefined; landlord_id: string; inquiry_id: string; action_type: string; metadata?: Json | undefined; created_at?: string | undefined; }, { id?: string | undefined; ... 4 more ...; created_at?: string | undefined; }>'.
      Property 'action_type' is missing in type '{ is_read?: boolean; is_archived?: boolean; deleted_at?: string | null; inquiry_id: string; landlord_id: string; }' but required in type '{ id?: string | undefined; landlord_id: string; inquiry_id: string; action_type: string; metadata?: Json | undefined; created_at?: string | undefined; }'.
  Overload 2 of 2, '(values: RejectExcessProperties<{ id?: string | undefined; landlord_id: string; inquiry_id: string; action_type: string; metadata?: Json | undefined; created_at?: string | undefined; }, { id?: string | undefined; ... 4 more ...; created_at?: string | undefined; }>[], options?: { ...; } | undefined): PostgrestFilterBuilder<...>', gave the following error.
    Object literal may only specify known properties, and 'inquiry_id' does not exist in type 'RejectExcessProperties<{ id?: string | undefined; landlord_id: string; inquiry_id: string; action_type: string; metadata?: Json | undefined; created_at?: string | undefined; }, { id?: string | undefined; ... 4 more ...; created_at?: string | undefined; }>[]'.
src/app/api/landlord/inquiries/recent/route.ts(122,17): error TS2339: Property 'inquiry_id' does not exist on type 'SelectQueryError<"column 'is_read' does not exist on 'landlord_inquiry_actions'.">'.
src/app/api/landlord/inquiries/recent/route.ts(124,30): error TS2339: Property 'is_read' does not exist on type 'SelectQueryError<"column 'is_read' does not exist on 'landlord_inquiry_actions'.">'.
src/app/api/landlord/inquiries/recent/route.ts(125,34): error TS2339: Property 'is_archived' does not exist on type 'SelectQueryError<"column 'is_read' does not exist on 'landlord_inquiry_actions'.">'.
src/app/api/landlord/inquiries/recent/route.ts(126,33): error TS2339: Property 'deleted_at' does not exist on type 'SelectQueryError<"column 'is_read' does not exist on 'landlord_inquiry_actions'.">'.
src/app/api/landlord/invites/[id]/route.ts(27,15): error TS2769: No overload matches this call.
  Overload 1 of 2, '(relation: "properties" | "profiles" | "amenities" | "units" | "leases" | "payments" | "utility_readings" | "conversations" | "messages" | "utility_configs" | "landlord_reviews" | ... 18 more ... | "renewal_requests"): PostgrestQueryBuilder<...>', gave the following error.
    Argument of type '"tenant_intake_invites"' is not assignable to parameter of type '"properties" | "profiles" | "amenities" | "units" | "leases" | "payments" | "utility_readings" | "conversations" | "messages" | "utility_configs" | "landlord_reviews" | "payment_items" | ... 17 more ... | "renewal_requests"'.
  Overload 2 of 2, '(relation: never): PostgrestQueryBuilder<{ PostgrestVersion: "12"; }, { Tables: { profiles: { Row: { id: string; email: string; full_name: string; role: UserRole; avatar_url: string | null; avatar_bg_color: string | null; ... 19 more ...; updated_at: string; }; Insert: { ...; }; Update: { ...; }; Relationships: any[]; }; ... 28 more ...; renewal_requests: { ...; }; }; Views: {}; Functions: {}; Enums: { ...; }; CompositeTypes: {}; }, never, never, never>', gave the following error.
    Argument of type '"tenant_intake_invites"' is not assignable to parameter of type 'never'.
src/app/api/landlord/invites/[id]/route.ts(30,13): error TS2345: Argument of type '"landlord_id"' is not assignable to parameter of type '"id"'.
src/app/api/landlord/invites/[id]/route.ts(38,15): error TS2769: No overload matches this call.
  Overload 1 of 2, '(relation: "properties" | "profiles" | "amenities" | "units" | "leases" | "payments" | "utility_readings" | "conversations" | "messages" | "utility_configs" | "landlord_reviews" | ... 18 more ... | "renewal_requests"): PostgrestQueryBuilder<...>', gave the following error.
    Argument of type '"tenant_intake_invites"' is not assignable to parameter of type '"properties" | "profiles" | "amenities" | "units" | "leases" | "payments" | "utility_readings" | "conversations" | "messages" | "utility_configs" | "landlord_reviews" | "payment_items" | ... 17 more ... | "renewal_requests"'.
  Overload 2 of 2, '(relation: never): PostgrestQueryBuilder<{ PostgrestVersion: "12"; }, { Tables: { profiles: { Row: { id: string; email: string; full_name: string; role: UserRole; avatar_url: string | null; avatar_bg_color: string | null; ... 19 more ...; updated_at: string; }; Insert: { ...; }; Update: { ...; }; Relationships: any[]; }; ... 28 more ...; renewal_requests: { ...; }; }; Views: {}; Functions: {}; Enums: { ...; }; CompositeTypes: {}; }, never, never, never>', gave the following error.
    Argument of type '"tenant_intake_invites"' is not assignable to parameter of type 'never'.
src/app/api/landlord/invites/[id]/route.ts(39,19): error TS2322: Type 'string' is not assignable to type 'never'.
src/app/api/landlord/invites/[id]/route.ts(41,13): error TS2345: Argument of type '"landlord_id"' is not assignable to parameter of type '"id"'.
src/app/api/landlord/invites/[id]/route.ts(47,28): error TS2769: No overload matches this call.
  Overload 1 of 2, '(relation: "properties" | "profiles" | "amenities" | "units" | "leases" | "payments" | "utility_readings" | "conversations" | "messages" | "utility_configs" | "landlord_reviews" | ... 18 more ... | "renewal_requests"): PostgrestQueryBuilder<...>', gave the following error.
    Argument of type '"tenant_intake_invite_events"' is not assignable to parameter of type '"properties" | "profiles" | "amenities" | "units" | "leases" | "payments" | "utility_readings" | "conversations" | "messages" | "utility_configs" | "landlord_reviews" | "payment_items" | ... 17 more ... | "renewal_requests"'.
  Overload 2 of 2, '(relation: never): PostgrestQueryBuilder<{ PostgrestVersion: "12"; }, { Tables: { profiles: { Row: { id: string; email: string; full_name: string; role: UserRole; avatar_url: string | null; avatar_bg_color: string | null; ... 19 more ...; updated_at: string; }; Insert: { ...; }; Update: { ...; }; Relationships: any[]; }; ... 28 more ...; renewal_requests: { ...; }; }; Views: {}; Functions: {}; Enums: { ...; }; CompositeTypes: {}; }, never, never, never>', gave the following error.
    Argument of type '"tenant_intake_invite_events"' is not assignable to parameter of type 'never'.
src/app/api/landlord/invites/[id]/route.ts(48,9): error TS2769: No overload matches this call.
  Overload 1 of 2, '(values: RejectExcessProperties<{ id: string; email: string; full_name: string; role: UserRole; avatar_url?: string | null | undefined; avatar_bg_color?: string | null | undefined; phone?: string | null | undefined; ... 18 more ...; updated_at?: string | undefined; } | ... 28 more ... | { ...; }, { ...; } | ... 28 more ... | { ...; }>, options?: { ...; } | undefined): PostgrestFilterBuilder<...>', gave the following error.
    Object literal may only specify known properties, and 'invite_id' does not exist in type 'RejectExcessProperties<{ id: string; email: string; full_name: string; role: UserRole; avatar_url?: string | null | undefined; avatar_bg_color?: string | null | undefined; phone?: string | null | undefined; ... 18 more ...; updated_at?: string | undefined; } | ... 28 more ... | { ...; }, { ...; } | ... 28 more ... |...'.
  Overload 2 of 2, '(values: RejectExcessProperties<{ id: string; email: string; full_name: string; role: UserRole; avatar_url?: string | null | undefined; avatar_bg_color?: string | null | undefined; phone?: string | null | undefined; ... 18 more ...; updated_at?: string | undefined; } | ... 28 more ... | { ...; }, { ...; } | ... 28 more ... | { ...; }>[], options?: { ...; } | undefined): PostgrestFilterBuilder<...>', gave the following error.
    Object literal may only specify known properties, and 'invite_id' does not exist in type 'RejectExcessProperties<{ id: string; email: string; full_name: string; role: UserRole; avatar_url?: string | null | undefined; avatar_bg_color?: string | null | undefined; phone?: string | null | undefined; ... 18 more ...; updated_at?: string | undefined; } | ... 28 more ... | { ...; }, { ...; } | ... 28 more ... |...'.
src/app/api/landlord/invites/route.ts(104,15): error TS2769: No overload matches this call.
  Overload 1 of 2, '(relation: "properties" | "profiles" | "amenities" | "units" | "leases" | "payments" | "utility_readings" | "conversations" | "messages" | "utility_configs" | "landlord_reviews" | ... 18 more ... | "renewal_requests"): PostgrestQueryBuilder<...>', gave the following error.
    Argument of type '"tenant_intake_invites"' is not assignable to parameter of type '"properties" | "profiles" | "amenities" | "units" | "leases" | "payments" | "utility_readings" | "conversations" | "messages" | "utility_configs" | "landlord_reviews" | "payment_items" | ... 17 more ... | "renewal_requests"'.
  Overload 2 of 2, '(relation: never): PostgrestQueryBuilder<{ PostgrestVersion: "12"; }, { Tables: { profiles: { Row: { id: string; email: string; full_name: string; role: UserRole; avatar_url: string | null; avatar_bg_color: string | null; ... 19 more ...; updated_at: string; }; Insert: { ...; }; Update: { ...; }; Relationships: any[]; }; ... 28 more ...; renewal_requests: { ...; }; }; Views: {}; Functions: {}; Enums: { ...; }; CompositeTypes: {}; }, never, never, never>', gave the following error.
    Argument of type '"tenant_intake_invites"' is not assignable to parameter of type 'never'.
src/app/api/landlord/invites/route.ts(106,13): error TS2345: Argument of type '"landlord_id"' is not assignable to parameter of type '"id"'.
src/app/api/landlord/invites/route.ts(117,24): error TS2352: Conversion of type '(SelectQueryError<"column 'landlord_id' does not exist on 'properties'."> | SelectQueryError<"column 'landlord_id' does not exist on 'profiles'."> | ... 27 more ... | SelectQueryError<...>)[]' to type 'InviteRow[]' may be a mistake because neither type sufficiently overlaps with the other. If this was intentional, convert the expression to 'unknown' first.
  Type 'SelectQueryError<"column 'landlord_id' does not exist on 'properties'."> | SelectQueryError<"column 'landlord_id' does not exist on 'profiles'."> | ... 27 more ... | SelectQueryError<...>' is not comparable to type 'InviteRow'.
    Type '{ error: true; } & String' is missing the following properties from type 'InviteRow': id, landlord_id, property_id, unit_id, and 10 more.
src/app/api/landlord/invites/route.ts(292,59): error TS2769: No overload matches this call.
  Overload 1 of 2, '(relation: "properties" | "profiles" | "amenities" | "units" | "leases" | "payments" | "utility_readings" | "conversations" | "messages" | "utility_configs" | "landlord_reviews" | ... 18 more ... | "renewal_requests"): PostgrestQueryBuilder<...>', gave the following error.
    Argument of type '"tenant_intake_invites"' is not assignable to parameter of type '"properties" | "profiles" | "amenities" | "units" | "leases" | "payments" | "utility_readings" | "conversations" | "messages" | "utility_configs" | "landlord_reviews" | "payment_items" | ... 17 more ... | "renewal_requests"'.
  Overload 2 of 2, '(relation: never): PostgrestQueryBuilder<{ PostgrestVersion: "12"; }, { Tables: { profiles: { Row: { id: string; email: string; full_name: string; role: UserRole; avatar_url: string | null; avatar_bg_color: string | null; ... 19 more ...; updated_at: string; }; Insert: { ...; }; Update: { ...; }; Relationships: any[]; }; ... 28 more ...; renewal_requests: { ...; }; }; Views: {}; Functions: {}; Enums: { ...; }; CompositeTypes: {}; }, never, never, never>', gave the following error.
    Argument of type '"tenant_intake_invites"' is not assignable to parameter of type 'never'.
src/app/api/landlord/invites/route.ts(293,9): error TS2769: No overload matches this call.
  Overload 2 of 2, '(values: RejectExcessProperties<{ id: string; email: string; full_name: string; role: UserRole; avatar_url?: string | null | undefined; avatar_bg_color?: string | null | undefined; phone?: string | null | undefined; ... 18 more ...; updated_at?: string | undefined; } | ... 28 more ... | { ...; }, { ...; } | ... 28 more ... | { ...; }>[], options?: { ...; } | undefined): PostgrestFilterBuilder<...>', gave the following error.
    Object literal may only specify known properties, and 'id' does not exist in type 'RejectExcessProperties<{ id: string; email: string; full_name: string; role: UserRole; avatar_url?: string | null | undefined; avatar_bg_color?: string | null | undefined; phone?: string | null | undefined; ... 18 more ...; updated_at?: string | undefined; } | ... 28 more ... | { ...; }, { ...; } | ... 28 more ... |...'.
src/app/api/landlord/invites/route.ts(316,58): error TS2769: No overload matches this call.
  Overload 1 of 2, '(relation: "properties" | "profiles" | "amenities" | "units" | "leases" | "payments" | "utility_readings" | "conversations" | "messages" | "utility_configs" | "landlord_reviews" | ... 18 more ... | "renewal_requests"): PostgrestQueryBuilder<...>', gave the following error.
    Argument of type '"tenant_intake_invite_events"' is not assignable to parameter of type '"properties" | "profiles" | "amenities" | "units" | "leases" | "payments" | "utility_readings" | "conversations" | "messages" | "utility_configs" | "landlord_reviews" | "payment_items" | ... 17 more ... | "renewal_requests"'.
  Overload 2 of 2, '(relation: never): PostgrestQueryBuilder<{ PostgrestVersion: "12"; }, { Tables: { profiles: { Row: { id: string; email: string; full_name: string; role: UserRole; avatar_url: string | null; avatar_bg_color: string | null; ... 19 more ...; updated_at: string; }; Insert: { ...; }; Update: { ...; }; Relationships: any[]; }; ... 28 more ...; renewal_requests: { ...; }; }; Views: {}; Functions: {}; Enums: { ...; }; CompositeTypes: {}; }, never, never, never>', gave the following error.
    Argument of type '"tenant_intake_invite_events"' is not assignable to parameter of type 'never'.
src/app/api/landlord/invites/route.ts(317,9): error TS2769: No overload matches this call.
  Overload 1 of 2, '(values: RejectExcessProperties<{ id: string; email: string; full_name: string; role: UserRole; avatar_url?: string | null | undefined; avatar_bg_color?: string | null | undefined; phone?: string | null | undefined; ... 18 more ...; updated_at?: string | undefined; } | ... 28 more ... | { ...; }, { ...; } | ... 28 more ... | { ...; }>, options?: { ...; } | undefined): PostgrestFilterBuilder<...>', gave the following error.
    Object literal may only specify known properties, and 'invite_id' does not exist in type 'RejectExcessProperties<{ id: string; email: string; full_name: string; role: UserRole; avatar_url?: string | null | undefined; avatar_bg_color?: string | null | undefined; phone?: string | null | undefined; ... 18 more ...; updated_at?: string | undefined; } | ... 28 more ... | { ...; }, { ...; } | ... 28 more ... |...'.
  Overload 2 of 2, '(values: RejectExcessProperties<{ id: string; email: string; full_name: string; role: UserRole; avatar_url?: string | null | undefined; avatar_bg_color?: string | null | undefined; phone?: string | null | undefined; ... 18 more ...; updated_at?: string | undefined; } | ... 28 more ... | { ...; }, { ...; } | ... 28 more ... | { ...; }>[], options?: { ...; } | undefined): PostgrestFilterBuilder<...>', gave the following error.
    Object literal may only specify known properties, and 'invite_id' does not exist in type 'RejectExcessProperties<{ id: string; email: string; full_name: string; role: UserRole; avatar_url?: string | null | undefined; avatar_bg_color?: string | null | undefined; phone?: string | null | undefined; ... 18 more ...; updated_at?: string | undefined; } | ... 28 more ... | { ...; }, { ...; } | ... 28 more ... |...'.
src/app/api/landlord/invoices/[id]/review/route.ts(71,21): error TS2353: Object literal may only specify known properties, and 'requirements_checklist' does not exist in type 'RejectExcessProperties<{ id?: string | undefined; unit_id?: string | undefined; applicant_id?: string | undefined; status?: ApplicationStatus | undefined; submitted_at?: string | undefined; ... 4 more ...; updated_at?: string | undefined; }, { ...; }>'.
src/app/api/landlord/invoices/[id]/review/route.ts(314,45): error TS2551: Property 'receipt_number' does not exist on type '{ id: string; payment_id: string; receipt_url: string; created_at: string; }'. Did you mean 'receipt_url'?
src/app/api/landlord/lease/finalize/route.ts(72,15): error TS2769: No overload matches this call.
  Overload 1 of 2, '(relation: "properties" | "profiles" | "amenities" | "units" | "leases" | "payments" | "utility_readings" | "conversations" | "messages" | "utility_configs" | "landlord_reviews" | ... 18 more ... | "renewal_requests"): PostgrestQueryBuilder<...>', gave the following error.
    Argument of type '"property_environment_policies"' is not assignable to parameter of type '"properties" | "profiles" | "amenities" | "units" | "leases" | "payments" | "utility_readings" | "conversations" | "messages" | "utility_configs" | "landlord_reviews" | "payment_items" | ... 17 more ... | "renewal_requests"'.
  Overload 2 of 2, '(relation: never): PostgrestQueryBuilder<{ PostgrestVersion: "12"; }, { Tables: { profiles: { Row: { id: string; email: string; full_name: string; role: UserRole; avatar_url: string | null; avatar_bg_color: string | null; ... 19 more ...; updated_at: string; }; Insert: { ...; }; Update: { ...; }; Relationships: any[]; }; ... 28 more ...; renewal_requests: { ...; }; }; Views: {}; Functions: {}; Enums: { ...; }; CompositeTypes: {}; }, never, never, never>', gave the following error.
    Argument of type '"property_environment_policies"' is not assignable to parameter of type 'never'.
src/app/api/landlord/lease/finalize/route.ts(74,13): error TS2345: Argument of type '"property_id"' is not assignable to parameter of type '"id"'.
src/app/api/landlord/lease/finalize/route.ts(77,17): error TS2339: Property 'needs_review' does not exist on type 'SelectQueryError<"column 'needs_review' does not exist on 'properties'."> | SelectQueryError<"column 'needs_review' does not exist on 'profiles'."> | ... 27 more ... | SelectQueryError<...>'.
  Property 'needs_review' does not exist on type 'SelectQueryError<"column 'needs_review' does not exist on 'properties'.">'.
src/app/api/landlord/lease/finalize/route.ts(91,70): error TS2339: Property 'max_occupants_per_unit' does not exist on type 'SelectQueryError<"column 'needs_review' does not exist on 'properties'."> | SelectQueryError<"column 'needs_review' does not exist on 'profiles'."> | ... 27 more ... | SelectQueryError<...>'.
  Property 'max_occupants_per_unit' does not exist on type 'SelectQueryError<"column 'needs_review' does not exist on 'properties'.">'.
src/app/api/landlord/leases/[leaseId]/sign/route.ts(217,11): error TS2322: Type 'any' is not assignable to type 'never'.
src/app/api/landlord/move-out-requests/[id]/approve/route.ts(28,11): error TS2345: Argument of type '"landlord_id"' is not assignable to parameter of type '"id" | "tenant_id" | "unit_id" | "created_at" | "updated_at" | "status" | "requested_date" | "approved_date"'.
src/app/api/landlord/move-out-requests/[id]/approve/route.ts(40,9): error TS2322: Type 'string' is not assignable to type 'never'.
src/app/api/landlord/move-out-requests/[id]/approve/route.ts(41,9): error TS2322: Type 'any' is not assignable to type 'never'.
src/app/api/landlord/move-out-requests/[id]/approve/route.ts(54,33): error TS2339: Property 'lease_id' does not exist on type '{ id: string; unit_id: string; tenant_id: string; status: MoveOutStatus; requested_date: string; approved_date: string | null; created_at: string; updated_at: string; lease: SelectQueryError<...>; }'.
src/app/api/landlord/move-out-requests/[id]/complete/route.ts(25,11): error TS2345: Argument of type '"landlord_id"' is not assignable to parameter of type '"id" | "tenant_id" | "unit_id" | "created_at" | "updated_at" | "status" | "requested_date" | "approved_date"'.
src/app/api/landlord/move-out-requests/[id]/deny/route.ts(28,11): error TS2345: Argument of type '"landlord_id"' is not assignable to parameter of type '"id" | "tenant_id" | "unit_id" | "created_at" | "updated_at" | "status" | "requested_date" | "approved_date"'.
src/app/api/landlord/move-out-requests/[id]/deny/route.ts(40,9): error TS2322: Type 'string' is not assignable to type 'never'.
src/app/api/landlord/move-out-requests/[id]/deny/route.ts(41,9): error TS2322: Type 'any' is not assignable to type 'never'.
src/app/api/landlord/move-out-requests/route.ts(33,11): error TS2345: Argument of type '"landlord_id"' is not assignable to parameter of type '"id" | "tenant_id" | "unit_id" | "created_at" | "updated_at" | "status" | "requested_date" | "approved_date"'.
src/app/api/landlord/move-out/[id]/approve/route.ts(33,11): error TS2345: Argument of type '"landlord_id"' is not assignable to parameter of type '"id" | "tenant_id" | "unit_id" | "created_at" | "updated_at" | "status" | "requested_date" | "approved_date"'.
src/app/api/landlord/move-out/[id]/approve/route.ts(63,9): error TS2322: Type 'string' is not assignable to type 'never'.
src/app/api/landlord/move-out/[id]/approve/route.ts(64,9): error TS2322: Type 'any' is not assignable to type 'never'.
src/app/api/landlord/move-out/[id]/approve/route.ts(82,32): error TS2339: Property 'lease_id' does not exist on type '{ id: string; unit_id: string; tenant_id: string; status: MoveOutStatus; requested_date: string; approved_date: string | null; created_at: string; updated_at: string; lease: SelectQueryError<...>; }'.
src/app/api/landlord/move-out/[id]/complete/route.ts(29,11): error TS2345: Argument of type '"landlord_id"' is not assignable to parameter of type '"id" | "tenant_id" | "unit_id" | "created_at" | "updated_at" | "status" | "requested_date" | "approved_date"'.
src/app/api/landlord/move-out/[id]/complete/route.ts(36,65): error TS2339: Property 'inspection_date' does not exist on type '{ id: string; unit_id: string; tenant_id: string; status: MoveOutStatus; requested_date: string; approved_date: string | null; created_at: string; updated_at: string; lease: SelectQueryError<...>; }'.
src/app/api/landlord/move-out/[id]/complete/route.ts(49,9): error TS2322: Type 'string' is not assignable to type 'never'.
src/app/api/landlord/move-out/[id]/complete/route.ts(59,32): error TS2339: Property 'lease_id' does not exist on type '{ id: string; unit_id: string; tenant_id: string; status: MoveOutStatus; requested_date: string; approved_date: string | null; created_at: string; updated_at: string; lease: SelectQueryError<...>; }'.
src/app/api/landlord/move-out/[id]/deny/route.ts(51,11): error TS2345: Argument of type '"landlord_id"' is not assignable to parameter of type '"id" | "tenant_id" | "unit_id" | "created_at" | "updated_at" | "status" | "requested_date" | "approved_date"'.
src/app/api/landlord/move-out/[id]/deny/route.ts(73,9): error TS2322: Type 'string' is not assignable to type 'never'.
src/app/api/landlord/move-out/[id]/deny/route.ts(74,9): error TS2322: Type 'any' is not assignable to type 'never'.
src/app/api/landlord/move-out/[id]/inspection/route.ts(32,11): error TS2345: Argument of type '"landlord_id"' is not assignable to parameter of type '"id" | "tenant_id" | "unit_id" | "created_at" | "updated_at" | "status" | "requested_date" | "approved_date"'.
src/app/api/landlord/move-out/[id]/inspection/route.ts(50,9): error TS2322: Type 'any' is not assignable to type 'never'.
src/app/api/landlord/move-out/[id]/inspection/route.ts(51,9): error TS2322: Type 'any' is not assignable to type 'never'.
src/app/api/landlord/move-out/[id]/inspection/route.ts(52,9): error TS2322: Type 'any' is not assignable to type 'never'.
src/app/api/landlord/move-out/[id]/inspection/route.ts(53,9): error TS2322: Type 'any' is not assignable to type 'never'.
src/app/api/landlord/move-out/[id]/inspection/route.ts(54,9): error TS2322: Type 'any' is not assignable to type 'never'.
src/app/api/landlord/move-out/[id]/inspection/route.ts(55,9): error TS2322: Type 'any' is not assignable to type 'never'.
src/app/api/landlord/move-out/[id]/inspection/route.ts(109,11): error TS2345: Argument of type '"landlord_id"' is not assignable to parameter of type '"id" | "tenant_id" | "unit_id" | "created_at" | "updated_at" | "status" | "requested_date" | "approved_date"'.
src/app/api/landlord/move-out/[id]/inspection/route.ts(119,31): error TS2339: Property 'lease_id' does not exist on type 'SelectQueryError<"column 'lease_id' does not exist on 'move_out_requests'.">'.
src/app/api/landlord/move-out/[id]/inspection/route.ts(128,31): error TS2339: Property 'lease_id' does not exist on type 'SelectQueryError<"column 'lease_id' does not exist on 'move_out_requests'.">'.
src/app/api/landlord/move-out/route.ts(30,11): error TS2345: Argument of type '"landlord_id"' is not assignable to parameter of type '"id" | "tenant_id" | "unit_id" | "created_at" | "updated_at" | "status" | "requested_date" | "approved_date"'.
src/app/api/landlord/move-out/route.ts(52,49): error TS2339: Property 'lease_id' does not exist on type '{ id: string; unit_id: string; tenant_id: string; status: MoveOutStatus; requested_date: string; approved_date: string | null; created_at: string; updated_at: string; }'.
src/app/api/landlord/move-out/route.ts(62,70): error TS2339: Property 'lease_id' does not exist on type '{ id: string; unit_id: string; tenant_id: string; status: MoveOutStatus; requested_date: string; approved_date: string | null; created_at: string; updated_at: string; }'.
src/app/api/landlord/onboarding/[token]/route.ts(401,23): error TS2769: No overload matches this call.
  Overload 1 of 2, '(relation: "properties" | "profiles" | "amenities" | "units" | "leases" | "payments" | "utility_readings" | "conversations" | "messages" | "utility_configs" | "landlord_reviews" | ... 18 more ... | "renewal_requests"): PostgrestQueryBuilder<...>', gave the following error.
    Argument of type '"property_environment_policies"' is not assignable to parameter of type '"properties" | "profiles" | "amenities" | "units" | "leases" | "payments" | "utility_readings" | "conversations" | "messages" | "utility_configs" | "landlord_reviews" | "payment_items" | ... 17 more ... | "renewal_requests"'.
  Overload 2 of 2, '(relation: never): PostgrestQueryBuilder<{ PostgrestVersion: "12"; }, { Tables: { profiles: { Row: { id: string; email: string; full_name: string; role: UserRole; avatar_url: string | null; avatar_bg_color: string | null; ... 19 more ...; updated_at: string; }; Insert: { ...; }; Update: { ...; }; Relationships: any[]; }; ... 28 more ...; renewal_requests: { ...; }; }; Views: {}; Functions: {}; Enums: { ...; }; CompositeTypes: {}; }, never, never, never>', gave the following error.
    Argument of type '"property_environment_policies"' is not assignable to parameter of type 'never'.
src/app/api/landlord/onboarding/[token]/route.ts(403,21): error TS2769: No overload matches this call.
  Overload 2 of 2, '(values: RejectExcessProperties<{ id: string; email: string; full_name: string; role: UserRole; avatar_url?: string | null | undefined; avatar_bg_color?: string | null | undefined; phone?: string | null | undefined; ... 18 more ...; updated_at?: string | undefined; } | ... 28 more ... | { ...; }, { ...; } | ... 28 more ... | { ...; }>[], options?: { ...; } | undefined): PostgrestFilterBuilder<...>', gave the following error.
    Object literal may only specify known properties, and 'property_id' does not exist in type 'RejectExcessProperties<{ id: string; email: string; full_name: string; role: UserRole; avatar_url?: string | null | undefined; avatar_bg_color?: string | null | undefined; phone?: string | null | undefined; ... 18 more ...; updated_at?: string | undefined; } | ... 28 more ... | { ...; }, { ...; } | ... 28 more ... |...'.
src/app/api/landlord/onboarding/[token]/route.ts(463,36): error TS2769: No overload matches this call.
  Overload 1 of 2, '(relation: "properties" | "profiles" | "amenities" | "units" | "leases" | "payments" | "utility_readings" | "conversations" | "messages" | "utility_configs" | "landlord_reviews" | ... 18 more ... | "renewal_requests"): PostgrestQueryBuilder<...>', gave the following error.
    Argument of type '"property_floor_configs"' is not assignable to parameter of type '"properties" | "profiles" | "amenities" | "units" | "leases" | "payments" | "utility_readings" | "conversations" | "messages" | "utility_configs" | "landlord_reviews" | "payment_items" | ... 17 more ... | "renewal_requests"'.
  Overload 2 of 2, '(relation: never): PostgrestQueryBuilder<{ PostgrestVersion: "12"; }, { Tables: { profiles: { Row: { id: string; email: string; full_name: string; role: UserRole; avatar_url: string | null; avatar_bg_color: string | null; ... 19 more ...; updated_at: string; }; Insert: { ...; }; Update: { ...; }; Relationships: any[]; }; ... 28 more ...; renewal_requests: { ...; }; }; Views: {}; Functions: {}; Enums: { ...; }; CompositeTypes: {}; }, never, never, never>', gave the following error.
    Argument of type '"property_floor_configs"' is not assignable to parameter of type 'never'.
src/app/api/landlord/payment-settings/route.ts(40,17): error TS2345: Argument of type '"provider"' is not assignable to parameter of type '"id" | "landlord_id" | "created_at" | "updated_at" | "type" | "destination" | "is_default"'.
src/app/api/landlord/payment-settings/route.ts(43,43): error TS2339: Property 'qr_image_path' does not exist on type '{ id: string; landlord_id: string; type: string; destination: string; is_default: boolean; created_at: string; updated_at: string; }'.
src/app/api/landlord/payment-settings/route.ts(44,42): error TS2339: Property 'qr_image_url' does not exist on type '{ id: string; landlord_id: string; type: string; destination: string; is_default: boolean; created_at: string; updated_at: string; }'.
src/app/api/landlord/payment-settings/route.ts(65,14): error TS2769: No overload matches this call.
  Overload 1 of 2, '(values: RejectExcessProperties<{ id?: string | undefined; landlord_id: string; type: string; destination: string; is_default?: boolean | undefined; created_at?: string | undefined; updated_at?: string | undefined; }, { ...; }>, options?: { ...; } | undefined): PostgrestFilterBuilder<...>', gave the following error.
    Object literal may only specify known properties, and 'provider' does not exist in type 'RejectExcessProperties<{ id?: string | undefined; landlord_id: string; type: string; destination: string; is_default?: boolean | undefined; created_at?: string | undefined; updated_at?: string | undefined; }, { ...; }>'.
  Overload 2 of 2, '(values: RejectExcessProperties<{ id?: string | undefined; landlord_id: string; type: string; destination: string; is_default?: boolean | undefined; created_at?: string | undefined; updated_at?: string | undefined; }, { ...; }>[], options?: { ...; } | undefined): PostgrestFilterBuilder<...>', gave the following error.
    Object literal may only specify known properties, and 'landlord_id' does not exist in type 'RejectExcessProperties<{ id?: string | undefined; landlord_id: string; type: string; destination: string; is_default?: boolean | undefined; created_at?: string | undefined; updated_at?: string | undefined; }, { ...; }>[]'.
src/app/api/landlord/properties/[id]/route.ts(44,15): error TS2769: No overload matches this call.
  Overload 1 of 2, '(relation: "properties" | "profiles" | "amenities" | "units" | "leases" | "payments" | "utility_readings" | "conversations" | "messages" | "utility_configs" | "landlord_reviews" | ... 18 more ... | "renewal_requests"): PostgrestQueryBuilder<...>', gave the following error.
    Argument of type '"property_environment_policies"' is not assignable to parameter of type '"properties" | "profiles" | "amenities" | "units" | "leases" | "payments" | "utility_readings" | "conversations" | "messages" | "utility_configs" | "landlord_reviews" | "payment_items" | ... 17 more ... | "renewal_requests"'.
  Overload 2 of 2, '(relation: never): PostgrestQueryBuilder<{ PostgrestVersion: "12"; }, { Tables: { profiles: { Row: { id: string; email: string; full_name: string; role: UserRole; avatar_url: string | null; avatar_bg_color: string | null; ... 19 more ...; updated_at: string; }; Insert: { ...; }; Update: { ...; }; Relationships: any[]; }; ... 28 more ...; renewal_requests: { ...; }; }; Views: {}; Functions: {}; Enums: { ...; }; CompositeTypes: {}; }, never, never, never>', gave the following error.
    Argument of type '"property_environment_policies"' is not assignable to parameter of type 'never'.
src/app/api/landlord/properties/[id]/route.ts(46,13): error TS2345: Argument of type '"property_id"' is not assignable to parameter of type '"id"'.
src/app/api/landlord/properties/overview/route.ts(66,15): error TS2769: No overload matches this call.
  Overload 1 of 2, '(relation: "properties" | "profiles" | "amenities" | "units" | "leases" | "payments" | "utility_readings" | "conversations" | "messages" | "utility_configs" | "landlord_reviews" | ... 18 more ... | "renewal_requests"): PostgrestQueryBuilder<...>', gave the following error.
    Argument of type '"property_environment_policies"' is not assignable to parameter of type '"properties" | "profiles" | "amenities" | "units" | "leases" | "payments" | "utility_readings" | "conversations" | "messages" | "utility_configs" | "landlord_reviews" | "payment_items" | ... 17 more ... | "renewal_requests"'.
  Overload 2 of 2, '(relation: never): PostgrestQueryBuilder<{ PostgrestVersion: "12"; }, { Tables: { profiles: { Row: { id: string; email: string; full_name: string; role: UserRole; avatar_url: string | null; avatar_bg_color: string | null; ... 19 more ...; updated_at: string; }; Insert: { ...; }; Update: { ...; }; Relationships: any[]; }; ... 28 more ...; renewal_requests: { ...; }; }; Views: {}; Functions: {}; Enums: { ...; }; CompositeTypes: {}; }, never, never, never>', gave the following error.
    Argument of type '"property_environment_policies"' is not assignable to parameter of type 'never'.
src/app/api/landlord/properties/overview/route.ts(125,39): error TS2339: Property 'property_id' does not exist on type 'SelectQueryError<"column 'property_id' does not exist on 'properties'."> | SelectQueryError<"column 'property_id' does not exist on 'profiles'."> | ... 27 more ... | SelectQueryError<...>'.
  Property 'property_id' does not exist on type 'SelectQueryError<"column 'property_id' does not exist on 'properties'.">'.
src/app/api/landlord/properties/overview/route.ts(151,18): error TS2367: This comparison appears to be unintentional because the types 'MaintenanceStatus' and '"open"' have no overlap.
src/app/api/landlord/tenants/route.ts(257,17): error TS2339: Property 'status' does not exist on type 'SelectQueryError<"column 'lease_id' does not exist on 'move_out_requests'.">'.
src/app/api/landlord/tenants/route.ts(257,45): error TS2339: Property 'status' does not exist on type 'SelectQueryError<"column 'lease_id' does not exist on 'move_out_requests'.">'.
src/app/api/landlord/tenants/route.ts(258,39): error TS2339: Property 'lease_id' does not exist on type 'SelectQueryError<"column 'lease_id' does not exist on 'move_out_requests'.">'.
src/app/api/landlord/unit-map/route.ts(136,28): error TS2322: Type '"open"' is not assignable to type 'MaintenanceStatus'.
src/app/api/landlord/unit-map/route.ts(136,36): error TS2322: Type '"assigned"' is not assignable to type 'MaintenanceStatus'.
src/app/api/messages/users/[targetUserId]/reports/route.ts(209,17): error TS2769: No overload matches this call.
  Overload 1 of 2, '(values: RejectExcessProperties<{ id?: string | undefined; message_id: string; reporter_id: string; reason: string; created_at?: string | undefined; }, { id?: string | undefined; message_id: string; reporter_id: string; reason: string; created_at?: string | undefined; }>, options?: { ...; } | undefined): PostgrestFilterBuilder<...>', gave the following error.
    Object literal may only specify known properties, but 'reporter_user_id' does not exist in type 'RejectExcessProperties<{ id?: string | undefined; message_id: string; reporter_id: string; reason: string; created_at?: string | undefined; }, { id?: string | undefined; message_id: string; reporter_id: string; reason: string; created_at?: string | undefined; }>'. Did you mean to write 'reporter_id'?
  Overload 2 of 2, '(values: RejectExcessProperties<{ id?: string | undefined; message_id: string; reporter_id: string; reason: string; created_at?: string | undefined; }, { id?: string | undefined; message_id: string; reporter_id: string; reason: string; created_at?: string | undefined; }>[], options?: { ...; } | undefined): PostgrestFilterBuilder<...>', gave the following error.
    Object literal may only specify known properties, and 'reporter_user_id' does not exist in type 'RejectExcessProperties<{ id?: string | undefined; message_id: string; reporter_id: string; reason: string; created_at?: string | undefined; }, { id?: string | undefined; message_id: string; reporter_id: string; reason: string; created_at?: string | undefined; }>[]'.
src/app/api/messages/users/[targetUserId]/reports/route.ts(232,26): error TS2339: Property 'id' does not exist on type 'SelectQueryError<"column 'status' does not exist on 'message_user_reports'.">'.
src/app/api/messages/users/[targetUserId]/reports/route.ts(233,30): error TS2339: Property 'status' does not exist on type 'SelectQueryError<"column 'status' does not exist on 'message_user_reports'.">'.
src/app/api/messages/users/[targetUserId]/reports/route.ts(234,33): error TS2339: Property 'created_at' does not exist on type 'SelectQueryError<"column 'status' does not exist on 'message_user_reports'.">'.
src/app/api/tenant/lease/move-out/checklist/route.ts(38,54): error TS2339: Property 'checklist_data' does not exist on type 'SelectQueryError<"column 'checklist_data' does not exist on 'move_out_requests'.">'.
src/app/api/tenant/lease/move-out/checklist/route.ts(39,25): error TS2339: Property 'checklist_data' does not exist on type 'SelectQueryError<"column 'checklist_data' does not exist on 'move_out_requests'.">'.
src/app/api/tenant/lease/move-out/checklist/route.ts(57,9): error TS2322: Type 'any' is not assignable to type 'never'.
src/app/api/tenant/lease/move-out/checklist/route.ts(58,9): error TS2322: Type 'boolean' is not assignable to type 'never'.
src/app/api/tenant/lease/move-out/checklist/route.ts(61,33): error TS2339: Property 'id' does not exist on type 'SelectQueryError<"column 'checklist_data' does not exist on 'move_out_requests'.">'.
src/app/api/tenant/lease/move-out/checklist/route.ts(71,54): error TS2339: Property 'id' does not exist on type 'SelectQueryError<"column 'checklist_data' does not exist on 'move_out_requests'.">'.
src/app/api/tenant/lease/move-out/route.ts(49,17): error TS2345: Argument of type '"lease_id"' is not assignable to parameter of type '"id" | "tenant_id" | "unit_id" | "created_at" | "updated_at" | "status" | "requested_date" | "approved_date"'.
src/app/api/tenant/lease/move-out/route.ts(61,17): error TS2769: No overload matches this call.
  Overload 1 of 2, '(values: RejectExcessProperties<{ id?: string | undefined; unit_id: string; tenant_id: string; status?: MoveOutStatus | undefined; requested_date: string; approved_date?: string | null | undefined; created_at?: string | undefined; updated_at?: string | undefined; }, { ...; }>, options?: { ...; } | undefined): PostgrestFilterBuilder<...>', gave the following error.
    Object literal may only specify known properties, and 'lease_id' does not exist in type 'RejectExcessProperties<{ id?: string | undefined; unit_id: string; tenant_id: string; status?: MoveOutStatus | undefined; requested_date: string; approved_date?: string | null | undefined; created_at?: string | undefined; updated_at?: string | undefined; }, { ...; }>'.
  Overload 2 of 2, '(values: RejectExcessProperties<{ id?: string | undefined; unit_id: string; tenant_id: string; status?: MoveOutStatus | undefined; requested_date: string; approved_date?: string | null | undefined; created_at?: string | undefined; updated_at?: string | undefined; }, { ...; }>[], options?: { ...; } | undefined): PostgrestFilterBuilder<...>', gave the following error.
    Object literal may only specify known properties, and 'lease_id' does not exist in type 'RejectExcessProperties<{ id?: string | undefined; unit_id: string; tenant_id: string; status?: MoveOutStatus | undefined; requested_date: string; approved_date?: string | null | undefined; created_at?: string | undefined; updated_at?: string | undefined; }, { ...; }>[]'.
src/app/api/tenant/maintenance/route.ts(83,14): error TS2678: Type '"closed"' is not comparable to type 'MaintenanceStatus | null | undefined'.
src/app/api/tenant/maintenance/route.ts(85,14): error TS2678: Type '"open"' is not comparable to type 'MaintenanceStatus | null | undefined'.
src/app/api/tenant/payments/[id]/refund-info/route.ts(71,69): error TS2339: Property 'createAdminClient' does not exist on type '{ sendPaymentSystemMessage: (supabase: DbClient, payment: Pick<{ id: string; lease_id: string; tenant_id: string; landlord_id: string; amount: number; status: PaymentStatus; ... 33 more ...; updated_at: string; }, "id" | ... 2 more ... | "invoice_number">, options: MessageOptions) => Promise<...>; }'.
src/app/api/tenant/payments/[id]/refund-info/route.ts(109,56): error TS7006: Parameter 'm' implicitly has an 'any' type.
src/app/api/tenant/profile/route.ts(57,21): error TS2345: Argument of type 'Record<string, unknown>' is not assignable to parameter of type 'RejectExcessProperties<{ id?: string | undefined; email?: string | undefined; full_name?: string | undefined; role?: UserRole | undefined; avatar_url?: string | null | undefined; avatar_bg_color?: string | ... 1 more ... | undefined; ... 19 more ...; updated_at?: string | undefined; }, Record<...>>'.
  Type 'Record<string, unknown>' is not assignable to type '{ [x: string]: never; }'.
    'string' index signatures are incompatible.
      Type 'unknown' is not assignable to type 'never'.
src/app/api/tenant/unit-map/route.ts(64,19): error TS2769: No overload matches this call.
  Overload 1 of 2, '(relation: "properties" | "profiles" | "amenities" | "units" | "leases" | "payments" | "utility_readings" | "conversations" | "messages" | "utility_configs" | "landlord_reviews" | ... 18 more ... | "renewal_requests"): PostgrestQueryBuilder<...>', gave the following error.
    Argument of type '"unit_map_positions"' is not assignable to parameter of type '"properties" | "profiles" | "amenities" | "units" | "leases" | "payments" | "utility_readings" | "conversations" | "messages" | "utility_configs" | "landlord_reviews" | "payment_items" | ... 17 more ... | "renewal_requests"'.
  Overload 2 of 2, '(relation: never): PostgrestQueryBuilder<{ PostgrestVersion: "12"; }, { Tables: { profiles: { Row: { id: string; email: string; full_name: string; role: UserRole; avatar_url: string | null; avatar_bg_color: string | null; ... 19 more ...; updated_at: string; }; Insert: { ...; }; Update: { ...; }; Relationships: any[]; }; ... 28 more ...; renewal_requests: { ...; }; }; Views: {}; Functions: {}; Enums: { ...; }; CompositeTypes: {}; }, never, never, never>', gave the following error.
    Argument of type '"unit_map_positions"' is not assignable to parameter of type 'never'.
src/app/api/tenant/unit-map/route.ts(66,17): error TS2345: Argument of type '"property_id"' is not assignable to parameter of type '"id"'.
src/app/api/tenant/unit-map/route.ts(71,17): error TS2345: Argument of type '"property_id"' is not assignable to parameter of type '"id" | "tenant_id" | "from_unit_id" | "to_unit_id" | "created_at" | "updated_at" | "status" | "requested_date"'.
src/app/api/tenant/unit-map/route.ts(75,19): error TS2769: No overload matches this call.
  Overload 1 of 2, '(relation: "properties" | "profiles" | "amenities" | "units" | "leases" | "payments" | "utility_readings" | "conversations" | "messages" | "utility_configs" | "landlord_reviews" | ... 18 more ... | "renewal_requests"): PostgrestQueryBuilder<...>', gave the following error.
    Argument of type '"property_floor_configs"' is not assignable to parameter of type '"properties" | "profiles" | "amenities" | "units" | "leases" | "payments" | "utility_readings" | "conversations" | "messages" | "utility_configs" | "landlord_reviews" | "payment_items" | ... 17 more ... | "renewal_requests"'.
  Overload 2 of 2, '(relation: never): PostgrestQueryBuilder<{ PostgrestVersion: "12"; }, { Tables: { profiles: { Row: { id: string; email: string; full_name: string; role: UserRole; avatar_url: string | null; avatar_bg_color: string | null; ... 19 more ...; updated_at: string; }; Insert: { ...; }; Update: { ...; }; Relationships: any[]; }; ... 28 more ...; renewal_requests: { ...; }; }; Views: {}; Functions: {}; Enums: { ...; }; CompositeTypes: {}; }, never, never, never>', gave the following error.
    Argument of type '"property_floor_configs"' is not assignable to parameter of type 'never'.
src/app/api/tenant/unit-map/route.ts(77,17): error TS2345: Argument of type '"property_id"' is not assignable to parameter of type '"id"'.
src/app/api/tenant/unit-map/route.ts(84,28): error TS2339: Property 'x' does not exist on type 'SelectQueryError<"column 'unit_id' does not exist on 'properties'."> | SelectQueryError<"column 'unit_id' does not exist on 'profiles'."> | ... 27 more ... | SelectQueryError<...>'.
  Property 'x' does not exist on type 'SelectQueryError<"column 'unit_id' does not exist on 'properties'.">'.
src/app/api/tenant/unit-map/route.ts(84,44): error TS2339: Property 'y' does not exist on type 'SelectQueryError<"column 'unit_id' does not exist on 'properties'."> | SelectQueryError<"column 'unit_id' does not exist on 'profiles'."> | ... 27 more ... | SelectQueryError<...>'.
  Property 'y' does not exist on type 'SelectQueryError<"column 'unit_id' does not exist on 'properties'.">'.
src/app/api/tenant/unit-map/route.ts(84,60): error TS2339: Property 'w' does not exist on type 'SelectQueryError<"column 'unit_id' does not exist on 'properties'."> | SelectQueryError<"column 'unit_id' does not exist on 'profiles'."> | ... 27 more ... | SelectQueryError<...>'.
  Property 'w' does not exist on type 'SelectQueryError<"column 'unit_id' does not exist on 'properties'.">'.
src/app/api/tenant/unit-map/route.ts(84,76): error TS2339: Property 'h' does not exist on type 'SelectQueryError<"column 'unit_id' does not exist on 'properties'."> | SelectQueryError<"column 'unit_id' does not exist on 'profiles'."> | ... 27 more ... | SelectQueryError<...>'.
  Property 'h' does not exist on type 'SelectQueryError<"column 'unit_id' does not exist on 'properties'.">'.
src/app/api/tenant/unit-map/route.ts(85,26): error TS2339: Property 'unit_id' does not exist on type 'SelectQueryError<"column 'unit_id' does not exist on 'properties'."> | SelectQueryError<"column 'unit_id' does not exist on 'profiles'."> | ... 27 more ... | SelectQueryError<...>'.
  Property 'unit_id' does not exist on type 'SelectQueryError<"column 'unit_id' does not exist on 'properties'.">'.
src/app/api/tenant/unit-map/route.ts(193,13): error TS2345: Argument of type '"property_id"' is not assignable to parameter of type '"id" | "tenant_id" | "from_unit_id" | "to_unit_id" | "created_at" | "updated_at" | "status" | "requested_date"'.
src/app/api/tenant/unit-map/route.ts(208,13): error TS2769: No overload matches this call.
  Overload 1 of 2, '(values: RejectExcessProperties<{ id?: string | undefined; from_unit_id: string; to_unit_id: string; tenant_id: string; status?: UnitTransferStatus | undefined; requested_date: string; created_at?: string | undefined; updated_at?: string | undefined; }, { ...; }>, options?: { ...; } | undefined): PostgrestFilterBuilder<...>', gave the following error.
    Object literal may only specify known properties, and 'lease_id' does not exist in type 'RejectExcessProperties<{ id?: string | undefined; from_unit_id: string; to_unit_id: string; tenant_id: string; status?: UnitTransferStatus | undefined; requested_date: string; created_at?: string | undefined; updated_at?: string | undefined; }, { ...; }>'.
  Overload 2 of 2, '(values: RejectExcessProperties<{ id?: string | undefined; from_unit_id: string; to_unit_id: string; tenant_id: string; status?: UnitTransferStatus | undefined; requested_date: string; created_at?: string | undefined; updated_at?: string | undefined; }, { ...; }>[], options?: { ...; } | undefined): PostgrestFilterBuilder<...>', gave the following error.
    Object literal may only specify known properties, and 'lease_id' does not exist in type 'RejectExcessProperties<{ id?: string | undefined; from_unit_id: string; to_unit_id: string; tenant_id: string; status?: UnitTransferStatus | undefined; requested_date: string; created_at?: string | undefined; updated_at?: string | undefined; }, { ...; }>[]'.
src/app/api/tenant/unit-map/route.ts(229,39): error TS2339: Property 'id' does not exist on type 'SelectQueryError<"column 'requested_unit_id' does not exist on 'unit_transfer_requests'.">'.
src/app/landlord/profile/page.tsx(228,25): error TS2677: A type predicate's type must be assignable to its parameter's type.
  Type '{ id: string; tenant_id: string; rating: number; comment: string | null; created_at: string; }' is not assignable to type 'SelectQueryError<"column 'comment' does not exist on 'landlord_reviews'.">'.
    Property 'error' is missing in type '{ id: string; tenant_id: string; rating: number; comment: string | null; created_at: string; }' but required in type '{ error: true; }'.
src/app/landlord/profile/page.tsx(229,25): error TS2339: Property 'rating' does not exist on type 'SelectQueryError<"column 'comment' does not exist on 'landlord_reviews'.">'.
src/app/landlord/profile/page.tsx(229,53): error TS2339: Property 'rating' does not exist on type 'SelectQueryError<"column 'comment' does not exist on 'landlord_reviews'.">'.
src/app/landlord/profile/page.tsx(229,73): error TS2339: Property 'rating' does not exist on type 'SelectQueryError<"column 'comment' does not exist on 'landlord_reviews'.">'.
src/app/landlord/profile/page.tsx(232,67): error TS2339: Property 'tenant_id' does not exist on type 'SelectQueryError<"column 'comment' does not exist on 'landlord_reviews'.">'.
src/app/landlord/profile/page.tsx(247,18): error TS2339: Property 'id' does not exist on type 'SelectQueryError<"column 'comment' does not exist on 'landlord_reviews'.">'.
src/app/landlord/profile/page.tsx(248,25): error TS2339: Property 'tenant_id' does not exist on type 'SelectQueryError<"column 'comment' does not exist on 'landlord_reviews'.">'.
src/app/landlord/profile/page.tsx(249,22): error TS2339: Property 'rating' does not exist on type 'SelectQueryError<"column 'comment' does not exist on 'landlord_reviews'.">'.
src/app/landlord/profile/page.tsx(250,23): error TS2339: Property 'comment' does not exist on type 'SelectQueryError<"column 'comment' does not exist on 'landlord_reviews'.">'.
src/app/landlord/profile/page.tsx(251,26): error TS2339: Property 'created_at' does not exist on type 'SelectQueryError<"column 'comment' does not exist on 'landlord_reviews'.">'.
src/app/landlord/profile/page.tsx(252,45): error TS2339: Property 'tenant_id' does not exist on type 'SelectQueryError<"column 'comment' does not exist on 'landlord_reviews'.">'.
src/app/landlord/properties/[id]/environment/page.tsx(157,27): error TS2769: No overload matches this call.
  Overload 1 of 2, '(relation: "properties" | "profiles" | "amenities" | "units" | "leases" | "payments" | "utility_readings" | "conversations" | "messages" | "utility_configs" | "landlord_reviews" | ... 18 more ... | "renewal_requests"): PostgrestQueryBuilder<...>', gave the following error.
    Argument of type '"property_environment_policies"' is not assignable to parameter of type '"properties" | "profiles" | "amenities" | "units" | "leases" | "payments" | "utility_readings" | "conversations" | "messages" | "utility_configs" | "landlord_reviews" | "payment_items" | ... 17 more ... | "renewal_requests"'.
  Overload 2 of 2, '(relation: never): PostgrestQueryBuilder<{ PostgrestVersion: "12"; }, { Tables: { profiles: { Row: { id: string; email: string; full_name: string; role: UserRole; avatar_url: string | null; avatar_bg_color: string | null; ... 19 more ...; updated_at: string; }; Insert: { ...; }; Update: { ...; }; Relationships: any[]; }; ... 28 more ...; renewal_requests: { ...; }; }; Views: {}; Functions: {}; Enums: { ...; }; CompositeTypes: {}; }, never, never, never>', gave the following error.
    Argument of type '"property_environment_policies"' is not assignable to parameter of type 'never'.
src/app/landlord/properties/[id]/environment/page.tsx(159,25): error TS2345: Argument of type '"property_id"' is not assignable to parameter of type '"id"'.
src/app/landlord/properties/[id]/environment/page.tsx(167,31): error TS2352: Conversion of type '{ id: string; profile_id: string; phone: string; identity_document_url: string | null; ownership_document_url: string | null; liveness_document_url: string | null; status: ApplicationStatus; ... 15 more ...; business_permit_card_url: string | null; } | ... 28 more ... | { ...; }' to type 'PropertyPolicy' may be a mistake because neither type sufficiently overlaps with the other. If this was intentional, convert the expression to 'unknown' first.
  Type '{ id: string; landlord_id: string; export_type: string; file_url: string; created_at: string; }' is missing the following properties from type 'PropertyPolicy': property_id, environment_mode, max_occupants_per_unit, curfew_enabled, and 12 more.
src/app/landlord/properties/[id]/environment/page.tsx(169,60): error TS2339: Property 'max_occupants_per_unit' does not exist on type '{ id: string; profile_id: string; phone: string; identity_document_url: string | null; ownership_document_url: string | null; liveness_document_url: string | null; status: ApplicationStatus; ... 15 more ...; business_permit_card_url: string | null; } | ... 28 more ... | { ...; }'.
  Property 'max_occupants_per_unit' does not exist on type '{ id: string; profile_id: string; phone: string; identity_document_url: string | null; ownership_document_url: string | null; liveness_document_url: string | null; status: ApplicationStatus; ... 15 more ...; business_permit_card_url: string | null; }'.
src/app/landlord/properties/[id]/environment/page.tsx(170,52): error TS2339: Property 'curfew_enabled' does not exist on type '{ id: string; profile_id: string; phone: string; identity_document_url: string | null; ownership_document_url: string | null; liveness_document_url: string | null; status: ApplicationStatus; ... 15 more ...; business_permit_card_url: string | null; } | ... 28 more ... | { ...; }'.
  Property 'curfew_enabled' does not exist on type '{ id: string; profile_id: string; phone: string; identity_document_url: string | null; ownership_document_url: string | null; liveness_document_url: string | null; status: ApplicationStatus; ... 15 more ...; business_permit_card_url: string | null; }'.
src/app/landlord/properties/[id]/environment/page.tsx(171,49): error TS2339: Property 'curfew_time' does not exist on type '{ id: string; profile_id: string; phone: string; identity_document_url: string | null; ownership_document_url: string | null; liveness_document_url: string | null; status: ApplicationStatus; ... 15 more ...; business_permit_card_url: string | null; } | ... 28 more ... | { ...; }'.
  Property 'curfew_time' does not exist on type '{ id: string; profile_id: string; phone: string; identity_document_url: string | null; ownership_document_url: string | null; liveness_document_url: string | null; status: ApplicationStatus; ... 15 more ...; business_permit_card_url: string | null; }'.
src/app/landlord/properties/[id]/environment/page.tsx(172,60): error TS2339: Property 'visitor_cutoff_enabled' does not exist on type '{ id: string; profile_id: string; phone: string; identity_document_url: string | null; ownership_document_url: string | null; liveness_document_url: string | null; status: ApplicationStatus; ... 15 more ...; business_permit_card_url: string | null; } | ... 28 more ... | { ...; }'.
  Property 'visitor_cutoff_enabled' does not exist on type '{ id: string; profile_id: string; phone: string; identity_document_url: string | null; ownership_document_url: string | null; liveness_document_url: string | null; status: ApplicationStatus; ... 15 more ...; business_permit_card_url: string | null; }'.
src/app/landlord/properties/[id]/environment/page.tsx(173,57): error TS2339: Property 'visitor_cutoff_time' does not exist on type '{ id: string; profile_id: string; phone: string; identity_document_url: string | null; ownership_document_url: string | null; liveness_document_url: string | null; status: ApplicationStatus; ... 15 more ...; business_permit_card_url: string | null; } | ... 28 more ... | { ...; }'.
  Property 'visitor_cutoff_time' does not exist on type '{ id: string; profile_id: string; phone: string; identity_document_url: string | null; ownership_document_url: string | null; liveness_document_url: string | null; status: ApplicationStatus; ... 15 more ...; business_permit_card_url: string | null; }'.
src/app/landlord/properties/[id]/environment/page.tsx(174,55): error TS2339: Property 'quiet_hours_start' does not exist on type '{ id: string; profile_id: string; phone: string; identity_document_url: string | null; ownership_document_url: string | null; liveness_document_url: string | null; status: ApplicationStatus; ... 15 more ...; business_permit_card_url: string | null; } | ... 28 more ... | { ...; }'.
  Property 'quiet_hours_start' does not exist on type '{ id: string; profile_id: string; phone: string; identity_document_url: string | null; ownership_document_url: string | null; liveness_document_url: string | null; status: ApplicationStatus; ... 15 more ...; business_permit_card_url: string | null; }'.
src/app/landlord/properties/[id]/environment/page.tsx(175,53): error TS2339: Property 'quiet_hours_end' does not exist on type '{ id: string; profile_id: string; phone: string; identity_document_url: string | null; ownership_document_url: string | null; liveness_document_url: string | null; status: ApplicationStatus; ... 15 more ...; business_permit_card_url: string | null; } | ... 28 more ... | { ...; }'.
  Property 'quiet_hours_end' does not exist on type '{ id: string; profile_id: string; phone: string; identity_document_url: string | null; ownership_document_url: string | null; liveness_document_url: string | null; status: ApplicationStatus; ... 15 more ...; business_permit_card_url: string | null; }'.
src/app/landlord/properties/[id]/environment/page.tsx(176,62): error TS2339: Property 'gender_restriction_mode' does not exist on type '{ id: string; profile_id: string; phone: string; identity_document_url: string | null; ownership_document_url: string | null; liveness_document_url: string | null; status: ApplicationStatus; ... 15 more ...; business_permit_card_url: string | null; } | ... 28 more ... | { ...; }'.
  Property 'gender_restriction_mode' does not exist on type '{ id: string; profile_id: string; phone: string; identity_document_url: string | null; ownership_document_url: string | null; liveness_document_url: string | null; status: ApplicationStatus; ... 15 more ...; business_permit_card_url: string | null; }'.
src/app/landlord/properties/[id]/environment/page.tsx(177,58): error TS2339: Property 'utility_policy_mode' does not exist on type '{ id: string; profile_id: string; phone: string; identity_document_url: string | null; ownership_document_url: string | null; liveness_document_url: string | null; status: ApplicationStatus; ... 15 more ...; business_permit_card_url: string | null; } | ... 28 more ... | { ...; }'.
  Property 'utility_policy_mode' does not exist on type '{ id: string; profile_id: string; phone: string; identity_document_url: string | null; ownership_document_url: string | null; liveness_document_url: string | null; status: ApplicationStatus; ... 15 more ...; business_permit_card_url: string | null; }'.
src/app/landlord/properties/[id]/environment/page.tsx(178,65): error TS2339: Property 'utility_fixed_charge_amount' does not exist on type '{ id: string; profile_id: string; phone: string; identity_document_url: string | null; ownership_document_url: string | null; liveness_document_url: string | null; status: ApplicationStatus; ... 15 more ...; business_permit_card_url: string | null; } | ... 28 more ... | { ...; }'.
  Property 'utility_fixed_charge_amount' does not exist on type '{ id: string; profile_id: string; phone: string; identity_document_url: string | null; ownership_document_url: string | null; liveness_document_url: string | null; status: ApplicationStatus; ... 15 more ...; business_permit_card_url: string | null; }'.
src/app/landlord/properties/[id]/environment/page.tsx(180,41): error TS2339: Property 'environment_mode' does not exist on type '{ id: string; profile_id: string; phone: string; identity_document_url: string | null; ownership_document_url: string | null; liveness_document_url: string | null; status: ApplicationStatus; ... 15 more ...; business_permit_card_url: string | null; } | ... 28 more ... | { ...; }'.
  Property 'environment_mode' does not exist on type '{ id: string; profile_id: string; phone: string; identity_document_url: string | null; ownership_document_url: string | null; liveness_document_url: string | null; status: ApplicationStatus; ... 15 more ...; business_permit_card_url: string | null; }'.
src/app/landlord/properties/[id]/environment/page.tsx(250,23): error TS2769: No overload matches this call.
  Overload 1 of 2, '(relation: "properties" | "profiles" | "amenities" | "units" | "leases" | "payments" | "utility_readings" | "conversations" | "messages" | "utility_configs" | "landlord_reviews" | ... 18 more ... | "renewal_requests"): PostgrestQueryBuilder<...>', gave the following error.
    Argument of type '"property_environment_policies"' is not assignable to parameter of type '"properties" | "profiles" | "amenities" | "units" | "leases" | "payments" | "utility_readings" | "conversations" | "messages" | "utility_configs" | "landlord_reviews" | "payment_items" | ... 17 more ... | "renewal_requests"'.
  Overload 2 of 2, '(relation: never): PostgrestQueryBuilder<{ PostgrestVersion: "12"; }, { Tables: { profiles: { Row: { id: string; email: string; full_name: string; role: UserRole; avatar_url: string | null; avatar_bg_color: string | null; ... 19 more ...; updated_at: string; }; Insert: { ...; }; Update: { ...; }; Relationships: any[]; }; ... 28 more ...; renewal_requests: { ...; }; }; Views: {}; Functions: {}; Enums: { ...; }; CompositeTypes: {}; }, never, never, never>', gave the following error.
    Argument of type '"property_environment_policies"' is not assignable to parameter of type 'never'.
src/app/landlord/properties/[id]/environment/page.tsx(251,39): error TS2769: No overload matches this call.
  Overload 1 of 2, '(values: RejectExcessProperties<{ id: string; email: string; full_name: string; role: UserRole; avatar_url?: string | null | undefined; avatar_bg_color?: string | null | undefined; phone?: string | null | undefined; ... 18 more ...; updated_at?: string | undefined; } | ... 28 more ... | { ...; }, { ...; }>, options?: { ...; } | undefined): PostgrestFilterBuilder<...>', gave the following error.
    Type 'string' is not assignable to type 'never'.
  Overload 2 of 2, '(values: RejectExcessProperties<{ id: string; email: string; full_name: string; role: UserRole; avatar_url?: string | null | undefined; avatar_bg_color?: string | null | undefined; phone?: string | null | undefined; ... 18 more ...; updated_at?: string | undefined; } | ... 28 more ... | { ...; }, { ...; } | ... 28 more ... | { ...; }>[], options?: { ...; } | undefined): PostgrestFilterBuilder<...>', gave the following error.
    Object literal may only specify known properties, and 'updated_at' does not exist in type 'RejectExcessProperties<{ id: string; email: string; full_name: string; role: UserRole; avatar_url?: string | null | undefined; avatar_bg_color?: string | null | undefined; phone?: string | null | undefined; ... 18 more ...; updated_at?: string | undefined; } | ... 28 more ... | { ...; }, { ...; } | ... 28 more ... |...'.
src/app/landlord/properties/new/page.tsx(263,68): error TS2769: No overload matches this call.
  Overload 1 of 2, '(relation: "properties" | "profiles" | "amenities" | "units" | "leases" | "payments" | "utility_readings" | "conversations" | "messages" | "utility_configs" | "landlord_reviews" | ... 18 more ... | "renewal_requests"): PostgrestQueryBuilder<...>', gave the following error.
    Argument of type '"property_environment_policies"' is not assignable to parameter of type '"properties" | "profiles" | "amenities" | "units" | "leases" | "payments" | "utility_readings" | "conversations" | "messages" | "utility_configs" | "landlord_reviews" | "payment_items" | ... 17 more ... | "renewal_requests"'.
  Overload 2 of 2, '(relation: never): PostgrestQueryBuilder<{ PostgrestVersion: "12"; }, { Tables: { profiles: { Row: { id: string; email: string; full_name: string; role: UserRole; avatar_url: string | null; avatar_bg_color: string | null; ... 19 more ...; updated_at: string; }; Insert: { ...; }; Update: { ...; }; Relationships: any[]; }; ... 28 more ...; renewal_requests: { ...; }; }; Views: {}; Functions: {}; Enums: { ...; }; CompositeTypes: {}; }, never, never, never>', gave the following error.
    Argument of type '"property_environment_policies"' is not assignable to parameter of type 'never'.
src/app/landlord/utilities/page.tsx(339,62): error TS18047: 'utility.price_per_unit' is possibly 'null'.
src/app/login/__tests__/page.test.tsx(2,52): error TS2307: Cannot find module '@testing-library/react' or its corresponding type declarations.
src/app/login/__tests__/page.test.tsx(75,50): error TS2339: Property 'toBeInTheDocument' does not exist on type 'Assertion<any>'.
src/app/login/__tests__/page.test.tsx(78,57): error TS2339: Property 'toBeInTheDocument' does not exist on type 'Assertion<any>'.
src/app/login/__tests__/page.test.tsx(79,52): error TS2339: Property 'toBeInTheDocument' does not exist on type 'Assertion<any>'.
src/app/login/__tests__/page.test.tsx(82,65): error TS2339: Property 'toBeInTheDocument' does not exist on type 'Assertion<any>'.
src/app/login/__tests__/page.test.tsx(83,44): error TS2339: Property 'toBeInTheDocument' does not exist on type 'Assertion<any>'.
src/app/login/__tests__/page.test.tsx(84,46): error TS2339: Property 'toBeInTheDocument' does not exist on type 'Assertion<any>'.
src/app/login/__tests__/page.test.tsx(87,54): error TS2339: Property 'toBeInTheDocument' does not exist on type 'Assertion<any>'.
src/app/login/__tests__/page.test.tsx(91,72): error TS2339: Property 'toBeInTheDocument' does not exist on type 'Assertion<any>'.
src/app/login/__tests__/page.test.tsx(97,28): error TS2339: Property 'toHaveAttribute' does not exist on type 'Assertion<any>'.
src/app/login/__tests__/page.test.tsx(98,28): error TS2339: Property 'toHaveAttribute' does not exist on type 'Assertion<any>'.
src/app/login/__tests__/page.test.tsx(99,28): error TS2339: Property 'toHaveAttribute' does not exist on type 'Assertion<any>'.
src/app/login/__tests__/page.test.tsx(105,31): error TS2339: Property 'toHaveAttribute' does not exist on type 'Assertion<any>'.
src/app/login/__tests__/page.test.tsx(106,31): error TS2339: Property 'toHaveAttribute' does not exist on type 'Assertion<any>'.
src/app/login/__tests__/page.test.tsx(107,31): error TS2339: Property 'toHaveAttribute' does not exist on type 'Assertion<any>'.
src/app/login/__tests__/page.test.tsx(112,69): error TS2339: Property 'toBeInTheDocument' does not exist on type 'Assertion<any>'.
src/app/login/__tests__/page.test.tsx(113,66): error TS2339: Property 'toBeInTheDocument' does not exist on type 'Assertion<any>'.
src/app/login/__tests__/page.test.tsx(114,45): error TS2339: Property 'toBeInTheDocument' does not exist on type 'Assertion<any>'.
src/app/login/__tests__/page.test.tsx(137,53): error TS2339: Property 'toBeInTheDocument' does not exist on type 'Assertion<any>'.
src/app/login/__tests__/page.test.tsx(315,67): error TS2339: Property 'toBeInTheDocument' does not exist on type 'Assertion<any>'.
src/app/login/__tests__/page.test.tsx(336,91): error TS2339: Property 'toBeInTheDocument' does not exist on type 'Assertion<any>'.
src/app/login/__tests__/page.test.tsx(357,60): error TS2339: Property 'toBeInTheDocument' does not exist on type 'Assertion<any>'.
src/app/login/__tests__/page.test.tsx(430,68): error TS2339: Property 'toBeInTheDocument' does not exist on type 'Assertion<any>'.
src/app/login/__tests__/page.test.tsx(453,28): error TS2339: Property 'toHaveAttribute' does not exist on type 'Assertion<any>'.
src/app/login/__tests__/page.test.tsx(454,31): error TS2339: Property 'toHaveAttribute' does not exist on type 'Assertion<any>'.
src/app/login/__tests__/page.test.tsx(460,22): error TS2339: Property 'toBeInTheDocument' does not exist on type 'Assertion<any>'.
src/app/login/__tests__/page.test.tsx(466,28): error TS2339: Property 'toHaveAttribute' does not exist on type 'Assertion<any>'.
src/app/login/__tests__/page.test.tsx(472,36): error TS2339: Property 'toHaveAttribute' does not exist on type 'Assertion<any>'.
src/app/login/__tests__/page.test.tsx(479,26): error TS2339: Property 'toHaveAttribute' does not exist on type 'Assertion<any>'.
src/app/login/__tests__/page.test.tsx(480,23): error TS2339: Property 'toHaveAttribute' does not exist on type 'Assertion<any>'.
src/app/signup/page.tsx(27,24): error TS2304: Cannot find name 'useRef'.
src/app/tenant/payments/[id]/checkout/page.tsx(23,9): error TS2740: Type '{ id: string; email: string; full_name: string; role: "tenant"; avatar_url: null; avatar_bg_color: null; phone: string; bio: null; website: null; address: null; cover_url: null; socials: {}; business_permit_url: null; ... 4 more ...; updated_at: string; }' is missing the following properties from type '{ id: string; email: string; full_name: string; role: UserRole; avatar_url: string | null; avatar_bg_color: string | null; phone: string | null; bio: string | null; website: string | null; ... 16 more ...; updated_at: string; }': two_factor_enabled, two_factor_email, gmail_access_token, gmail_refresh_token, and 4 more.
src/app/tenant/payments/[id]/checkout/page.tsx(43,9): error TS2740: Type '{ id: string; email: string; full_name: string; role: "landlord"; avatar_url: null; avatar_bg_color: null; phone: string; bio: null; website: null; address: null; cover_url: null; socials: {}; business_permit_url: null; ... 4 more ...; updated_at: string; }' is missing the following properties from type '{ id: string; email: string; full_name: string; role: UserRole; avatar_url: string | null; avatar_bg_color: string | null; phone: string | null; bio: string | null; website: string | null; ... 16 more ...; updated_at: string; }': two_factor_enabled, two_factor_email, gmail_access_token, gmail_refresh_token, and 4 more.
src/app/tenant/payments/[id]/checkout/page.tsx(200,13): error TS2353: Object literal may only specify known properties, and 'provider' does not exist in type '{ id: string; landlord_id: string; type: string; destination: string; is_default: boolean; created_at: string; updated_at: string; }'.
src/app/tenant/payments/[id]/checkout/page.tsx(226,9): error TS2740: Type '{ id: string; email: string; full_name: string; role: "tenant"; avatar_url: null; avatar_bg_color: null; phone: string; bio: null; website: null; address: null; cover_url: null; socials: {}; business_permit_url: null; ... 4 more ...; updated_at: string; }' is missing the following properties from type '{ id: string; email: string; full_name: string; role: UserRole; avatar_url: string | null; avatar_bg_color: string | null; phone: string | null; bio: string | null; website: string | null; ... 16 more ...; updated_at: string; }': two_factor_enabled, two_factor_email, gmail_access_token, gmail_refresh_token, and 4 more.
src/app/tenant/payments/[id]/checkout/page.tsx(246,9): error TS2740: Type '{ id: string; email: string; full_name: string; role: "landlord"; avatar_url: null; avatar_bg_color: null; phone: string; bio: null; website: null; address: null; cover_url: null; socials: {}; business_permit_url: null; ... 4 more ...; updated_at: string; }' is missing the following properties from type '{ id: string; email: string; full_name: string; role: UserRole; avatar_url: string | null; avatar_bg_color: string | null; phone: string | null; bio: string | null; website: string | null; ... 16 more ...; updated_at: string; }': two_factor_enabled, two_factor_email, gmail_access_token, gmail_refresh_token, and 4 more.
src/app/tenant/payments/[id]/checkout/page.tsx(390,13): error TS2353: Object literal may only specify known properties, and 'provider' does not exist in type '{ id: string; landlord_id: string; type: string; destination: string; is_default: boolean; created_at: string; updated_at: string; }'.
src/app/tenant/payments/[id]/checkout/page.tsx(730,78): error TS2339: Property 'qr_image_url' does not exist on type '{ id: string; landlord_id: string; type: string; destination: string; is_default: boolean; created_at: string; updated_at: string; }'.
src/app/tenant/payments/[id]/checkout/page.tsx(732,89): error TS2339: Property 'qr_image_url' does not exist on type '{ id: string; landlord_id: string; type: string; destination: string; is_default: boolean; created_at: string; updated_at: string; }'.
src/app/tenant/payments/[id]/checkout/page.tsx(745,137): error TS2339: Property 'account_name' does not exist on type '{ id: string; landlord_id: string; type: string; destination: string; is_default: boolean; created_at: string; updated_at: string; }'.
src/app/tenant/payments/[id]/checkout/page.tsx(746,146): error TS2339: Property 'account_number' does not exist on type '{ id: string; landlord_id: string; type: string; destination: string; is_default: boolean; created_at: string; updated_at: string; }'.
src/components/landlord/applications/__tests__/PaymentRecordForm.test.tsx(2,43): error TS2307: Cannot find module '@testing-library/react' or its corresponding type declarations.
src/components/landlord/applications/__tests__/PaymentRecordForm.test.tsx(23,46): error TS2339: Property 'toBeInTheDocument' does not exist on type 'Assertion<any>'.
src/components/landlord/applications/__tests__/PaymentRecordForm.test.tsx(24,46): error TS2339: Property 'toBeInTheDocument' does not exist on type 'Assertion<any>'.
src/components/landlord/applications/__tests__/PaymentRecordForm.test.tsx(25,54): error TS2339: Property 'toBeInTheDocument' does not exist on type 'Assertion<any>'.
src/components/landlord/applications/__tests__/PaymentRecordForm.test.tsx(26,56): error TS2339: Property 'toBeInTheDocument' does not exist on type 'Assertion<any>'.
src/components/landlord/applications/__tests__/PaymentRecordForm.test.tsx(27,49): error TS2339: Property 'toBeInTheDocument' does not exist on type 'Assertion<any>'.
src/components/landlord/applications/__tests__/PaymentRecordForm.test.tsx(28,43): error TS2339: Property 'toBeInTheDocument' does not exist on type 'Assertion<any>'.
src/components/landlord/applications/__tests__/PaymentRecordForm.test.tsx(29,41): error TS2339: Property 'toBeInTheDocument' does not exist on type 'Assertion<any>'.
src/components/landlord/applications/__tests__/PaymentRecordForm.test.tsx(134,27): error TS2339: Property 'toHaveClass' does not exist on type 'Assertion<any>'.
src/components/landlord/applications/__tests__/PaymentRecordForm.test.tsx(139,29): error TS2339: Property 'toHaveClass' does not exist on type 'Assertion<any>'.
src/components/landlord/applications/__tests__/PaymentRecordForm.test.tsx(146,26): error TS2339: Property 'toHaveAttribute' does not exist on type 'Assertion<any>'.
src/components/landlord/applications/__tests__/SignaturePad.test.tsx(2,43): error TS2307: Cannot find module '@testing-library/react' or its corresponding type declarations.
src/components/landlord/applications/__tests__/SignaturePad.test.tsx(33,20): error TS2339: Property 'toBeInTheDocument' does not exist on type 'Assertion<HTMLCanvasElement | null>'.
src/components/landlord/applications/__tests__/SignaturePad.test.tsx(35,39): error TS2339: Property 'toBeInTheDocument' does not exist on type 'Assertion<any>'.
src/components/landlord/applications/__tests__/SignaturePad.test.tsx(36,52): error TS2339: Property 'toBeInTheDocument' does not exist on type 'Assertion<any>'.
src/components/landlord/applications/__tests__/SignaturePad.test.tsx(56,25): error TS2339: Property 'toBeDisabled' does not exist on type 'Assertion<any>'.
src/components/landlord/applications/__tests__/SignaturePad.test.tsx(57,24): error TS2339: Property 'toBeDisabled' does not exist on type 'Assertion<any>'.
src/components/landlord/applications/__tests__/SignaturePad.test.tsx(75,24): error TS2339: Property 'toBeDisabled' does not exist on type 'Assertion<any>'.
src/components/landlord/applications/__tests__/SignaturePad.test.tsx(84,21): error TS2339: Property 'toHaveClass' does not exist on type 'Assertion<any>'.
src/components/landlord/BillingOperationsPanel.tsx(211,13): error TS2322: Type 'string' is not assignable to type '"cubic_meter" | "kwh" | undefined'.
src/components/landlord/BillingOperationsPanel.tsx(241,54): error TS2339: Property 'account_name' does not exist on type '{ id: string; landlord_id: string; type: string; destination: string; is_default: boolean; created_at: string; updated_at: string; }'.
src/components/landlord/BillingOperationsPanel.tsx(242,56): error TS2339: Property 'account_number' does not exist on type '{ id: string; landlord_id: string; type: string; destination: string; is_default: boolean; created_at: string; updated_at: string; }'.
src/components/landlord/BillingOperationsPanel.tsx(243,52): error TS2339: Property 'is_enabled' does not exist on type '{ id: string; landlord_id: string; type: string; destination: string; is_default: boolean; created_at: string; updated_at: string; }'.
src/components/landlord/BillingOperationsPanel.tsx(244,52): error TS2339: Property 'qr_image_url' does not exist on type '{ id: string; landlord_id: string; type: string; destination: string; is_default: boolean; created_at: string; updated_at: string; }'.
src/components/landlord/BillingOperationsPanel.tsx(309,50): error TS2339: Property 'qr_image_url' does not exist on type '{ id: string; landlord_id: string; type: string; destination: string; is_default: boolean; created_at: string; updated_at: string; }'.
src/components/landlord/dashboard/ContactsSidebar.tsx(75,21): error TS2352: Conversion of type 'readonly never[]' to type 'any[]' may be a mistake because neither type sufficiently overlaps with the other. If this was intentional, convert the expression to 'unknown' first.
  The type 'readonly never[]' is 'readonly' and cannot be assigned to the mutable type 'any[]'.
src/components/landlord/dashboard/ContactsSidebar.tsx(256,42): error TS2304: Cannot find name 'MESSAGE_CACHE_TTL_MS'.
src/components/landlord/invoices/InvoiceModal.tsx(606,134): error TS2339: Property 'account_name' does not exist on type '{ id: string; landlord_id: string; type: string; destination: string; is_default: boolean; created_at: string; updated_at: string; }'.
src/components/landlord/invoices/InvoiceModal.tsx(607,154): error TS2339: Property 'account_number' does not exist on type '{ id: string; landlord_id: string; type: string; destination: string; is_default: boolean; created_at: string; updated_at: string; }'.
src/components/landlord/invoices/InvoiceModal.tsx(796,138): error TS2551: Property 'receipt_number' does not exist on type '{ id: string; payment_id: string; receipt_url: string; created_at: string; }'. Did you mean 'receipt_url'?
src/components/landlord/invoices/InvoiceModal.tsx(797,174): error TS2339: Property 'issued_at' does not exist on type '{ id: string; payment_id: string; receipt_url: string; created_at: string; }'.
src/components/landlord/invoices/InvoiceModal.tsx(801,133): error TS2339: Property 'amount' does not exist on type '{ id: string; payment_id: string; receipt_url: string; created_at: string; }'.
src/components/landlord/messages/MessageBubble.tsx(314,29): error TS2322: Type 'string | undefined' is not assignable to type 'string | StaticImport'.
  Type 'undefined' is not assignable to type 'string | StaticImport'.
src/components/landlord/visual-planner/types.ts(1,10): error TS2305: Module '"@/context/PropertyContext"' has no exported member 'Unit'.
src/components/landlord/visual-planner/VisualBuilder.tsx(25,7): error TS4104: The type 'readonly never[]' is 'readonly' and cannot be assigned to the mutable type 'any[]'.
src/components/landlord/visual-planner/VisualBuilder.tsx(189,48): error TS2304: Cannot find name 'setIsInviteModalOpen'.
src/components/tenant/ChatWidget.tsx(24,21): error TS2352: Conversion of type 'readonly never[]' to type 'any[]' may be a mistake because neither type sufficiently overlaps with the other. If this was intentional, convert the expression to 'unknown' first.
  The type 'readonly never[]' is 'readonly' and cannot be assigned to the mutable type 'any[]'.
src/context/NotificationContext.tsx(196,36): error TS2322: Type '"open"' is not assignable to type 'MaintenanceStatus'.
src/context/NotificationContext.tsx(196,44): error TS2322: Type '"assigned"' is not assignable to type 'MaintenanceStatus'.
src/context/NotificationContext.tsx(263,21): error TS2741: Property 'updated_at' is missing in type '{ id: string; user_id: string; type: "lease"; title: string; message: string; read: false; created_at: string; data: { leaseId: string; }; }' but required in type '{ id: string; user_id: string; type: NotificationType; title: string; message: string; data: Json; read: boolean; created_at: string; updated_at: string; }'.
src/context/NotificationContext.tsx(273,21): error TS2741: Property 'updated_at' is missing in type '{ id: string; user_id: string; type: "payment"; title: string; message: string; read: false; created_at: string; data: { paymentId: string; }; }' but required in type '{ id: string; user_id: string; type: NotificationType; title: string; message: string; data: Json; read: boolean; created_at: string; updated_at: string; }'.
src/context/NotificationContext.tsx(283,21): error TS2741: Property 'updated_at' is missing in type '{ id: string; user_id: string; type: "maintenance"; title: string; message: string; read: false; created_at: string; data: { maintenanceId: string; }; }' but required in type '{ id: string; user_id: string; type: NotificationType; title: string; message: string; data: Json; read: boolean; created_at: string; updated_at: string; }'.
src/lib/audit-logging.ts(19,41): error TS2769: No overload matches this call.
  Overload 1 of 2, '(relation: "properties" | "profiles" | "amenities" | "units" | "leases" | "payments" | "utility_readings" | "conversations" | "messages" | "utility_configs" | "landlord_reviews" | ... 18 more ... | "renewal_requests"): PostgrestQueryBuilder<...>', gave the following error.
    Argument of type '"lease_signing_audit"' is not assignable to parameter of type '"properties" | "profiles" | "amenities" | "units" | "leases" | "payments" | "utility_readings" | "conversations" | "messages" | "utility_configs" | "landlord_reviews" | "payment_items" | ... 17 more ... | "renewal_requests"'.
  Overload 2 of 2, '(relation: never): PostgrestQueryBuilder<{ PostgrestVersion: "12"; }, { Tables: { profiles: { Row: { id: string; email: string; full_name: string; role: UserRole; avatar_url: string | null; avatar_bg_color: string | null; ... 19 more ...; updated_at: string; }; Insert: { ...; }; Update: { ...; }; Relationships: any[]; }; ... 28 more ...; renewal_requests: { ...; }; }; Views: {}; Functions: {}; Enums: { ...; }; CompositeTypes: {}; }, never, never, never>', gave the following error.
    Argument of type '"lease_signing_audit"' is not assignable to parameter of type 'never'.
src/lib/audit-logging.ts(19,64): error TS2769: No overload matches this call.
  Overload 1 of 2, '(values: RejectExcessProperties<{ id: string; email: string; full_name: string; role: UserRole; avatar_url?: string | null | undefined; avatar_bg_color?: string | null | undefined; phone?: string | null | undefined; ... 18 more ...; updated_at?: string | undefined; } | ... 28 more ... | { ...; }, { ...; } | ... 28 more ... | { ...; }>, options?: { ...; } | undefined): PostgrestFilterBuilder<...>', gave the following error.
    Object literal may only specify known properties, and 'event_type' does not exist in type 'RejectExcessProperties<{ id: string; email: string; full_name: string; role: UserRole; avatar_url?: string | null | undefined; avatar_bg_color?: string | null | undefined; phone?: string | null | undefined; ... 18 more ...; updated_at?: string | undefined; } | ... 28 more ... | { ...; }, { ...; } | ... 28 more ... |...'.
  Overload 2 of 2, '(values: RejectExcessProperties<{ id: string; email: string; full_name: string; role: UserRole; avatar_url?: string | null | undefined; avatar_bg_color?: string | null | undefined; phone?: string | null | undefined; ... 18 more ...; updated_at?: string | undefined; } | ... 28 more ... | { ...; }, { ...; } | ... 28 more ... | { ...; }>[], options?: { ...; } | undefined): PostgrestFilterBuilder<...>', gave the following error.
    Object literal may only specify known properties, and 'lease_id' does not exist in type 'RejectExcessProperties<{ id: string; email: string; full_name: string; role: UserRole; avatar_url?: string | null | undefined; avatar_bg_color?: string | null | undefined; phone?: string | null | undefined; ... 18 more ...; updated_at?: string | undefined; } | ... 28 more ... | { ...; }, { ...; } | ... 28 more ... |...'.
src/lib/billing/server.ts(99,5): error TS2344: Type '"id" | "utility_type" | "billing_mode" | "note" | "billing_period_start" | "billing_period_end" | "previous_reading" | "current_reading" | "usage" | "billed_rate" | "computed_charge" | "entered_at" | "proof_image_url"' does not satisfy the constraint '"property_id" | "id" | "landlord_id" | "unit_id" | "lease_id" | "status" | "utility_type" | "billing_mode" | "billing_period_start" | "billing_period_end" | "previous_reading" | ... 5 more ... | "invoice_id"'.
  Type '"note"' is not assignable to type '"property_id" | "id" | "landlord_id" | "unit_id" | "lease_id" | "status" | "utility_type" | "billing_mode" | "billing_period_start" | "billing_period_end" | "previous_reading" | ... 5 more ... | "invoice_id"'.
src/lib/billing/server.ts(327,35): error TS2339: Property 'payment_id' does not exist on type 'SelectQueryError<"column 'payment_id' does not exist on 'utility_readings'.">'.
src/lib/billing/server.ts(329,24): error TS2345: Argument of type 'SelectQueryError<"column 'payment_id' does not exist on 'utility_readings'.">' is not assignable to parameter of type 'InvoiceReadingDetail'.
  Type '{ error: true; } & String' is missing the following properties from type 'InvoiceReadingDetail': id, utility_type, billing_mode, note, and 9 more.
src/lib/billing/server.ts(330,24): error TS2339: Property 'payment_id' does not exist on type 'SelectQueryError<"column 'payment_id' does not exist on 'utility_readings'.">'.
src/lib/billing/server.ts(331,25): error TS2339: Property 'payment_id' does not exist on type 'SelectQueryError<"column 'payment_id' does not exist on 'utility_readings'.">'.
src/lib/billing/server.ts(331,38): error TS2740: Type '{ error: true; } & String' is missing the following properties from type 'InvoiceReadingDetail': id, utility_type, billing_mode, note, and 9 more.
src/lib/billing/server.ts(367,13): error TS2345: Argument of type '"provider"' is not assignable to parameter of type '"id" | "landlord_id" | "created_at" | "updated_at" | "type" | "destination" | "is_default"'.
src/lib/billing/server.ts(633,17): error TS2345: Argument of type '"provider"' is not assignable to parameter of type '"id" | "landlord_id" | "created_at" | "updated_at" | "type" | "destination" | "is_default"'.
src/lib/billing/server.ts(728,10): error TS2769: No overload matches this call.
  Overload 1 of 2, '(values: RejectExcessProperties<{ id?: string | undefined; payment_id: string; receipt_url: string; created_at?: string | undefined; }, { id?: string | undefined; payment_id: string; receipt_url: string; created_at?: string | undefined; }>, options?: { ...; } | undefined): PostgrestFilterBuilder<...>', gave the following error.
    Object literal may only specify known properties, and 'landlord_id' does not exist in type 'RejectExcessProperties<{ id?: string | undefined; payment_id: string; receipt_url: string; created_at?: string | undefined; }, { id?: string | undefined; payment_id: string; receipt_url: string; created_at?: string | undefined; }>'.
  Overload 2 of 2, '(values: RejectExcessProperties<{ id?: string | undefined; payment_id: string; receipt_url: string; created_at?: string | undefined; }, { id?: string | undefined; payment_id: string; receipt_url: string; created_at?: string | undefined; }>[], options?: { ...; } | undefined): PostgrestFilterBuilder<...>', gave the following error.
    Object literal may only specify known properties, and 'payment_id' does not exist in type 'RejectExcessProperties<{ id?: string | undefined; payment_id: string; receipt_url: string; created_at?: string | undefined; }, { id?: string | undefined; payment_id: string; receipt_url: string; created_at?: string | undefined; }>[]'.
src/lib/billing/server.ts(936,27): error TS2353: Object literal may only specify known properties, and 'payment_id' does not exist in type 'RejectExcessProperties<{ id?: string | undefined; landlord_id?: string | undefined; lease_id?: string | undefined; property_id?: string | undefined; unit_id?: string | undefined; utility_type?: UtilityType | undefined; ... 10 more ...; invoice_id?: string | ... 1 more ... | undefined; }, { ...; }>'.
src/lib/billing/server.ts(1013,13): error TS2769: No overload matches this call.
  Overload 2 of 2, '(values: RejectExcessProperties<{ id?: string | undefined; landlord_id: string; lease_id: string; property_id: string; unit_id: string; utility_type: UtilityType; billing_mode: UtilityBillingMode; ... 9 more ...; invoice_id?: string | ... 1 more ... | undefined; }, { ...; }>[], options?: { ...; } | undefined): PostgrestFilterBuilder<...>', gave the following error.
    Object literal may only specify known properties, and 'landlord_id' does not exist in type 'RejectExcessProperties<{ id?: string | undefined; landlord_id: string; lease_id: string; property_id: string; unit_id: string; utility_type: UtilityType; billing_mode: UtilityBillingMode; ... 9 more ...; invoice_id?: string | ... 1 more ... | undefined; }, { ...; }>[]'.
